 Image ticket-reservation-app Building 
#1 [internal] load local bake definitions
#1 reading from stdin 619B 0.1s done
#1 DONE 0.1s

#2 [internal] load build definition from Dockerfile
#2 transferring dockerfile: 1.46kB done
#2 DONE 0.0s

#3 resolve image config for docker-image://docker.io/docker/dockerfile:1
#3 ...

#4 [auth] docker/dockerfile:pull token for registry-1.docker.io
#4 DONE 0.0s

#3 resolve image config for docker-image://docker.io/docker/dockerfile:1
#3 DONE 1.6s

#5 docker-image://docker.io/docker/dockerfile:1@sha256:87999aa3d42bdc6bea60565083ee17e86d1f3339802f543c0d03998580f9cb89
#5 resolve docker.io/docker/dockerfile:1@sha256:87999aa3d42bdc6bea60565083ee17e86d1f3339802f543c0d03998580f9cb89 0.0s done
#5 CACHED

#6 [internal] load metadata for docker.io/library/eclipse-temurin:17-jre
#6 ...

#7 [auth] library/eclipse-temurin:pull token for registry-1.docker.io
#7 DONE 0.0s

#8 [auth] library/maven:pull token for registry-1.docker.io
#8 DONE 0.0s

#9 [internal] load metadata for docker.io/library/maven:3.9-eclipse-temurin-17
#9 ...

#6 [internal] load metadata for docker.io/library/eclipse-temurin:17-jre
#6 DONE 1.1s

#9 [internal] load metadata for docker.io/library/maven:3.9-eclipse-temurin-17
#9 DONE 1.2s

#10 [internal] load .dockerignore
#10 transferring context: 122B done
#10 DONE 0.1s

#11 [build 1/6] FROM docker.io/library/maven:3.9-eclipse-temurin-17@sha256:1ed5d1f54416b706707b4f3238f63a20bb06aab27c6d240090a2bb9ad895ed45
#11 resolve docker.io/library/maven:3.9-eclipse-temurin-17@sha256:1ed5d1f54416b706707b4f3238f63a20bb06aab27c6d240090a2bb9ad895ed45 0.0s done
#11 DONE 0.1s

#12 [runtime 1/4] FROM docker.io/library/eclipse-temurin:17-jre@sha256:92999aea37688157a53a40bfcb187c30f317422e028045fd5fc5c548fde9e626
#12 resolve docker.io/library/eclipse-temurin:17-jre@sha256:92999aea37688157a53a40bfcb187c30f317422e028045fd5fc5c548fde9e626 0.0s done
#12 DONE 0.1s

#13 [internal] load build context
#13 transferring context: 91.52kB 0.1s done
#13 DONE 0.1s

#14 [build 2/6] WORKDIR /build
#14 CACHED

#15 [build 3/6] COPY pom.xml .
#15 DONE 0.0s

#16 [build 4/6] RUN mvn -B -q dependency:go-offline || true
#16 DONE 43.6s

#17 [build 5/6] COPY src ./src
#17 DONE 0.2s

#18 [build 6/6] RUN mvn -B clean package -DskipTests
#18 1.938 [INFO] Scanning for projects...
#18 2.364 [INFO] 
#18 2.364 [INFO] ------------------< com.thinking:ticket-reservation >-------------------
#18 2.364 [INFO] Building ticket-reservation 1.0.0
#18 2.365 [INFO]   from pom.xml
#18 2.365 [INFO] --------------------------------[ jar ]---------------------------------
#18 2.966 [INFO] Downloading from central: https://repo.maven.apache.org/maven2/org/jboss/logging/jboss-logging/3.5.3.Final/jboss-logging-3.5.3.Final.pom
#18 3.378 [INFO] Downloaded from central: https://repo.maven.apache.org/maven2/org/jboss/logging/jboss-logging/3.5.3.Final/jboss-logging-3.5.3.Final.pom (19 kB at 45 kB/s)
#18 3.417 [INFO] Downloading from central: https://repo.maven.apache.org/maven2/org/jboss/logging/logging-parent/1.0.1.Final/logging-parent-1.0.1.Final.pom
#18 3.458 [INFO] Downloaded from central: https://repo.maven.apache.org/maven2/org/jboss/logging/logging-parent/1.0.1.Final/logging-parent-1.0.1.Final.pom (6.0 kB at 142 kB/s)
#18 3.497 [INFO] Downloading from central: https://repo.maven.apache.org/maven2/com/fasterxml/classmate/1.7.0/classmate-1.7.0.pom
#18 3.753 [INFO] Downloaded from central: https://repo.maven.apache.org/maven2/com/fasterxml/classmate/1.7.0/classmate-1.7.0.pom (7.0 kB at 28 kB/s)
#18 3.775 [INFO] Downloading from central: https://repo.maven.apache.org/maven2/net/bytebuddy/byte-buddy/1.14.19/byte-buddy-1.14.19.pom
#18 3.818 [INFO] Downloaded from central: https://repo.maven.apache.org/maven2/net/bytebuddy/byte-buddy/1.14.19/byte-buddy-1.14.19.pom (16 kB at 370 kB/s)
#18 3.834 [INFO] Downloading from central: https://repo.maven.apache.org/maven2/net/bytebuddy/byte-buddy-parent/1.14.19/byte-buddy-parent-1.14.19.pom
#18 3.878 [INFO] Downloaded from central: https://repo.maven.apache.org/maven2/net/bytebuddy/byte-buddy-parent/1.14.19/byte-buddy-parent-1.14.19.pom (62 kB at 1.4 MB/s)
#18 3.908 [INFO] Downloading from central: https://repo.maven.apache.org/maven2/org/glassfish/jaxb/jaxb-runtime/4.0.5/jaxb-runtime-4.0.5.pom
#18 3.941 [INFO] Downloaded from central: https://repo.maven.apache.org/maven2/org/glassfish/jaxb/jaxb-runtime/4.0.5/jaxb-runtime-4.0.5.pom (11 kB at 328 kB/s)
#18 3.949 [INFO] Downloading from central: https://repo.maven.apache.org/maven2/com/sun/xml/bind/mvn/jaxb-runtime-parent/4.0.5/jaxb-runtime-parent-4.0.5.pom
#18 3.979 [INFO] Downloaded from central: https://repo.maven.apache.org/maven2/com/sun/xml/bind/mvn/jaxb-runtime-parent/4.0.5/jaxb-runtime-parent-4.0.5.pom (1.2 kB at 38 kB/s)
#18 3.984 [INFO] Downloading from central: https://repo.maven.apache.org/maven2/com/sun/xml/bind/mvn/jaxb-parent/4.0.5/jaxb-parent-4.0.5.pom
#18 4.017 [INFO] Downloaded from central: https://repo.maven.apache.org/maven2/com/sun/xml/bind/mvn/jaxb-parent/4.0.5/jaxb-parent-4.0.5.pom (35 kB at 1.0 MB/s)
#18 4.023 [INFO] Downloading from central: https://repo.maven.apache.org/maven2/com/sun/xml/bind/jaxb-bom-ext/4.0.5/jaxb-bom-ext-4.0.5.pom
#18 4.047 [INFO] Downloaded from central: https://repo.maven.apache.org/maven2/com/sun/xml/bind/jaxb-bom-ext/4.0.5/jaxb-bom-ext-4.0.5.pom (3.5 kB at 139 kB/s)
#18 4.055 [INFO] Downloading from central: https://repo.maven.apache.org/maven2/org/glassfish/jaxb/jaxb-core/4.0.5/jaxb-core-4.0.5.pom
#18 4.077 [INFO] Downloaded from central: https://repo.maven.apache.org/maven2/org/glassfish/jaxb/jaxb-core/4.0.5/jaxb-core-4.0.5.pom (3.7 kB at 162 kB/s)
#18 4.084 [INFO] Downloading from central: https://repo.maven.apache.org/maven2/org/eclipse/angus/angus-activation/2.0.2/angus-activation-2.0.2.pom
#18 4.109 [INFO] Downloaded from central: https://repo.maven.apache.org/maven2/org/eclipse/angus/angus-activation/2.0.2/angus-activation-2.0.2.pom (4.0 kB at 166 kB/s)
#18 4.113 [INFO] Downloading from central: https://repo.maven.apache.org/maven2/org/eclipse/angus/angus-activation-project/2.0.2/angus-activation-project-2.0.2.pom
#18 4.139 [INFO] Downloaded from central: https://repo.maven.apache.org/maven2/org/eclipse/angus/angus-activation-project/2.0.2/angus-activation-project-2.0.2.pom (21 kB at 803 kB/s)
#18 4.146 [INFO] Downloading from central: https://repo.maven.apache.org/maven2/org/glassfish/jaxb/txw2/4.0.5/txw2-4.0.5.pom
#18 4.167 [INFO] Downloaded from central: https://repo.maven.apache.org/maven2/org/glassfish/jaxb/txw2/4.0.5/txw2-4.0.5.pom (1.8 kB at 81 kB/s)
#18 4.173 [INFO] Downloading from central: https://repo.maven.apache.org/maven2/com/sun/xml/bind/mvn/jaxb-txw-parent/4.0.5/jaxb-txw-parent-4.0.5.pom
#18 4.194 [INFO] Downloaded from central: https://repo.maven.apache.org/maven2/com/sun/xml/bind/mvn/jaxb-txw-parent/4.0.5/jaxb-txw-parent-4.0.5.pom (1.2 kB at 54 kB/s)
#18 4.201 [INFO] Downloading from central: https://repo.maven.apache.org/maven2/com/sun/istack/istack-commons-runtime/4.1.2/istack-commons-runtime-4.1.2.pom
#18 4.225 [INFO] Downloaded from central: https://repo.maven.apache.org/maven2/com/sun/istack/istack-commons-runtime/4.1.2/istack-commons-runtime-4.1.2.pom (1.6 kB at 67 kB/s)
#18 4.229 [INFO] Downloading from central: https://repo.maven.apache.org/maven2/com/sun/istack/istack-commons/4.1.2/istack-commons-4.1.2.pom
#18 4.253 [INFO] Downloaded from central: https://repo.maven.apache.org/maven2/com/sun/istack/istack-commons/4.1.2/istack-commons-4.1.2.pom (26 kB at 1.1 MB/s)
#18 4.332 [INFO] Downloading from central: https://repo.maven.apache.org/maven2/io/cucumber/messages/maven-metadata.xml
#18 4.354 [INFO] Downloaded from central: https://repo.maven.apache.org/maven2/io/cucumber/messages/maven-metadata.xml (3.6 kB at 171 kB/s)
#18 4.363 [INFO] Downloading from central: https://repo.maven.apache.org/maven2/io/cucumber/messages/19.1.4/messages-19.1.4.pom
#18 4.385 [INFO] Downloaded from central: https://repo.maven.apache.org/maven2/io/cucumber/messages/19.1.4/messages-19.1.4.pom (4.1 kB at 185 kB/s)
#18 4.390 [INFO] Downloading from central: https://repo.maven.apache.org/maven2/io/cucumber/cucumber-parent/3.0.0/cucumber-parent-3.0.0.pom
#18 4.413 [INFO] Downloaded from central: https://repo.maven.apache.org/maven2/io/cucumber/cucumber-parent/3.0.0/cucumber-parent-3.0.0.pom (22 kB at 946 kB/s)
#18 4.424 [INFO] Downloading from central: https://repo.maven.apache.org/maven2/io/cucumber/messages/20.0.0/messages-20.0.0.pom
#18 4.446 [INFO] Downloaded from central: https://repo.maven.apache.org/maven2/io/cucumber/messages/20.0.0/messages-20.0.0.pom (4.2 kB at 200 kB/s)
#18 4.451 [INFO] Downloading from central: https://repo.maven.apache.org/maven2/io/cucumber/cucumber-parent/4.1.1/cucumber-parent-4.1.1.pom
#18 4.474 [INFO] Downloaded from central: https://repo.maven.apache.org/maven2/io/cucumber/cucumber-parent/4.1.1/cucumber-parent-4.1.1.pom (21 kB at 914 kB/s)
#18 4.482 [INFO] Downloading from central: https://repo.maven.apache.org/maven2/com/fasterxml/jackson/jackson-bom/2.14.0/jackson-bom-2.14.0.pom
#18 4.505 [INFO] Downloaded from central: https://repo.maven.apache.org/maven2/com/fasterxml/jackson/jackson-bom/2.14.0/jackson-bom-2.14.0.pom (17 kB at 729 kB/s)
#18 4.517 [INFO] Downloading from central: https://repo.maven.apache.org/maven2/io/cucumber/messages/21.0.1/messages-21.0.1.pom
#18 4.540 [INFO] Downloaded from central: https://repo.maven.apache.org/maven2/io/cucumber/messages/21.0.1/messages-21.0.1.pom (4.4 kB at 193 kB/s)
#18 4.546 [INFO] Downloading from central: https://repo.maven.apache.org/maven2/com/fasterxml/jackson/jackson-bom/2.14.1/jackson-bom-2.14.1.pom
#18 4.567 [INFO] Downloaded from central: https://repo.maven.apache.org/maven2/com/fasterxml/jackson/jackson-bom/2.14.1/jackson-bom-2.14.1.pom (17 kB at 833 kB/s)
#18 4.574 [INFO] Downloading from central: https://repo.maven.apache.org/maven2/io/cucumber/messages/22.0.0/messages-22.0.0.pom
#18 4.594 [INFO] Downloaded from central: https://repo.maven.apache.org/maven2/io/cucumber/messages/22.0.0/messages-22.0.0.pom (4.4 kB at 222 kB/s)
#18 4.600 [INFO] Downloading from central: https://repo.maven.apache.org/maven2/org/junit/junit-bom/5.9.2/junit-bom-5.9.2.pom
#18 4.624 [INFO] Downloaded from central: https://repo.maven.apache.org/maven2/org/junit/junit-bom/5.9.2/junit-bom-5.9.2.pom (5.6 kB at 235 kB/s)
#18 4.631 [INFO] Downloading from central: https://repo.maven.apache.org/maven2/io/cucumber/messages/23.0.0/messages-23.0.0.pom
#18 4.655 [INFO] Downloaded from central: https://repo.maven.apache.org/maven2/io/cucumber/messages/23.0.0/messages-23.0.0.pom (4.4 kB at 185 kB/s)
#18 4.665 [INFO] Downloading from central: https://repo.maven.apache.org/maven2/com/fasterxml/jackson/jackson-bom/2.15.3/jackson-bom-2.15.3.pom
#18 4.689 [INFO] Downloaded from central: https://repo.maven.apache.org/maven2/com/fasterxml/jackson/jackson-bom/2.15.3/jackson-bom-2.15.3.pom (18 kB at 750 kB/s)
#18 4.699 [INFO] Downloading from central: https://repo.maven.apache.org/maven2/io/cucumber/messages/24.0.0/messages-24.0.0.pom
#18 4.722 [INFO] Downloaded from central: https://repo.maven.apache.org/maven2/io/cucumber/messages/24.0.0/messages-24.0.0.pom (4.4 kB at 185 kB/s)
#18 4.730 [INFO] Downloading from central: https://repo.maven.apache.org/maven2/com/fasterxml/jackson/jackson-bom/2.16.0/jackson-bom-2.16.0.pom
#18 4.754 [INFO] Downloaded from central: https://repo.maven.apache.org/maven2/com/fasterxml/jackson/jackson-bom/2.16.0/jackson-bom-2.16.0.pom (18 kB at 760 kB/s)
#18 4.762 [INFO] Downloading from central: https://repo.maven.apache.org/maven2/io/cucumber/messages/24.0.1/messages-24.0.1.pom
#18 4.785 [INFO] Downloaded from central: https://repo.maven.apache.org/maven2/io/cucumber/messages/24.0.1/messages-24.0.1.pom (4.4 kB at 193 kB/s)
#18 4.815 [INFO] Downloading from central: https://repo.maven.apache.org/maven2/io/cucumber/query/maven-metadata.xml
#18 4.841 [INFO] Downloaded from central: https://repo.maven.apache.org/maven2/io/cucumber/query/maven-metadata.xml (1.2 kB at 45 kB/s)
#18 4.867 [INFO] Downloading from central: https://repo.maven.apache.org/maven2/io/cucumber/messages/18.0.0/messages-18.0.0.pom
#18 4.897 [INFO] Downloaded from central: https://repo.maven.apache.org/maven2/io/cucumber/messages/18.0.0/messages-18.0.0.pom (4.0 kB at 135 kB/s)
#18 4.902 [INFO] Downloading from central: https://repo.maven.apache.org/maven2/io/cucumber/cucumber-parent/2.3.2/cucumber-parent-2.3.2.pom
#18 4.930 [INFO] Downloaded from central: https://repo.maven.apache.org/maven2/io/cucumber/cucumber-parent/2.3.2/cucumber-parent-2.3.2.pom (22 kB at 777 kB/s)
#18 4.940 [INFO] Downloading from central: https://repo.maven.apache.org/maven2/com/fasterxml/jackson/jackson-bom/2.13.2/jackson-bom-2.13.2.pom
#18 4.963 [INFO] Downloaded from central: https://repo.maven.apache.org/maven2/com/fasterxml/jackson/jackson-bom/2.13.2/jackson-bom-2.13.2.pom (17 kB at 723 kB/s)
#18 4.993 [INFO] Downloading from central: https://repo.maven.apache.org/maven2/io/cucumber/messages/19.0.0/messages-19.0.0.pom
#18 5.014 [INFO] Downloaded from central: https://repo.maven.apache.org/maven2/io/cucumber/messages/19.0.0/messages-19.0.0.pom (4.1 kB at 177 kB/s)
#18 5.020 [INFO] Downloading from central: https://repo.maven.apache.org/maven2/com/fasterxml/jackson/jackson-bom/2.13.3/jackson-bom-2.13.3.pom
#18 5.043 [INFO] Downloaded from central: https://repo.maven.apache.org/maven2/com/fasterxml/jackson/jackson-bom/2.13.3/jackson-bom-2.13.3.pom (17 kB at 755 kB/s)
#18 5.050 [INFO] Downloading from central: https://repo.maven.apache.org/maven2/io/cucumber/messages/19.1.0/messages-19.1.0.pom
#18 5.072 [INFO] Downloaded from central: https://repo.maven.apache.org/maven2/io/cucumber/messages/19.1.0/messages-19.1.0.pom (4.1 kB at 185 kB/s)
#18 5.077 [INFO] Downloading from central: https://repo.maven.apache.org/maven2/io/cucumber/messages/19.1.1/messages-19.1.1.pom
#18 5.099 [INFO] Downloaded from central: https://repo.maven.apache.org/maven2/io/cucumber/messages/19.1.1/messages-19.1.1.pom (4.1 kB at 193 kB/s)
#18 5.104 [INFO] Downloading from central: https://repo.maven.apache.org/maven2/io/cucumber/messages/19.1.2/messages-19.1.2.pom
#18 5.125 [INFO] Downloaded from central: https://repo.maven.apache.org/maven2/io/cucumber/messages/19.1.2/messages-19.1.2.pom (4.1 kB at 193 kB/s)
#18 5.131 [INFO] Downloading from central: https://repo.maven.apache.org/maven2/io/cucumber/messages/19.1.3/messages-19.1.3.pom
#18 5.154 [INFO] Downloaded from central: https://repo.maven.apache.org/maven2/io/cucumber/messages/19.1.3/messages-19.1.3.pom (4.1 kB at 177 kB/s)
#18 5.159 [INFO] Downloading from central: https://repo.maven.apache.org/maven2/org/junit/junit-bom/5.9.0/junit-bom-5.9.0.pom
#18 5.180 [INFO] Downloaded from central: https://repo.maven.apache.org/maven2/org/junit/junit-bom/5.9.0/junit-bom-5.9.0.pom (5.6 kB at 268 kB/s)
#18 5.252 [INFO] Downloading from central: https://repo.maven.apache.org/maven2/net/bytebuddy/byte-buddy-agent/1.14.19/byte-buddy-agent-1.14.19.pom
#18 5.273 [INFO] Downloaded from central: https://repo.maven.apache.org/maven2/net/bytebuddy/byte-buddy-agent/1.14.19/byte-buddy-agent-1.14.19.pom (10 kB at 498 kB/s)
#18 5.310 [INFO] Downloading from central: https://repo.maven.apache.org/maven2/org/hamcrest/hamcrest-core/2.2/hamcrest-core-2.2.pom
#18 5.336 [INFO] Downloaded from central: https://repo.maven.apache.org/maven2/org/hamcrest/hamcrest-core/2.2/hamcrest-core-2.2.pom (1.4 kB at 52 kB/s)
#18 5.450 [INFO] Downloading from central: https://repo.maven.apache.org/maven2/org/jboss/logging/jboss-logging/3.5.3.Final/jboss-logging-3.5.3.Final.jar
#18 5.477 [INFO] Downloaded from central: https://repo.maven.apache.org/maven2/org/jboss/logging/jboss-logging/3.5.3.Final/jboss-logging-3.5.3.Final.jar (59 kB at 2.1 MB/s)
#18 5.480 [INFO] Downloading from central: https://repo.maven.apache.org/maven2/com/fasterxml/classmate/1.7.0/classmate-1.7.0.jar
#18 5.482 [INFO] Downloading from central: https://repo.maven.apache.org/maven2/net/bytebuddy/byte-buddy/1.14.19/byte-buddy-1.14.19.jar
#18 5.483 [INFO] Downloading from central: https://repo.maven.apache.org/maven2/org/glassfish/jaxb/jaxb-runtime/4.0.5/jaxb-runtime-4.0.5.jar
#18 5.486 [INFO] Downloading from central: https://repo.maven.apache.org/maven2/org/glassfish/jaxb/jaxb-core/4.0.5/jaxb-core-4.0.5.jar
#18 5.489 [INFO] Downloading from central: https://repo.maven.apache.org/maven2/org/eclipse/angus/angus-activation/2.0.2/angus-activation-2.0.2.jar
#18 5.517 [INFO] Downloaded from central: https://repo.maven.apache.org/maven2/com/fasterxml/classmate/1.7.0/classmate-1.7.0.jar (69 kB at 1.8 MB/s)
#18 5.517 [INFO] Downloading from central: https://repo.maven.apache.org/maven2/org/glassfish/jaxb/txw2/4.0.5/txw2-4.0.5.jar
#18 5.579 [INFO] Downloaded from central: https://repo.maven.apache.org/maven2/org/eclipse/angus/angus-activation/2.0.2/angus-activation-2.0.2.jar (27 kB at 285 kB/s)
#18 5.579 [INFO] Downloading from central: https://repo.maven.apache.org/maven2/com/sun/istack/istack-commons-runtime/4.1.2/istack-commons-runtime-4.1.2.jar
#18 5.613 [INFO] Downloaded from central: https://repo.maven.apache.org/maven2/org/glassfish/jaxb/txw2/4.0.5/txw2-4.0.5.jar (73 kB at 586 kB/s)
#18 5.614 [INFO] Downloading from central: https://repo.maven.apache.org/maven2/net/bytebuddy/byte-buddy-agent/1.14.19/byte-buddy-agent-1.14.19.jar
#18 5.622 [INFO] Downloaded from central: https://repo.maven.apache.org/maven2/org/glassfish/jaxb/jaxb-core/4.0.5/jaxb-core-4.0.5.jar (139 kB at 991 kB/s)
#18 5.623 [INFO] Downloading from central: https://repo.maven.apache.org/maven2/org/hamcrest/hamcrest-core/2.2/hamcrest-core-2.2.jar
#18 5.640 [INFO] Downloaded from central: https://repo.maven.apache.org/maven2/com/sun/istack/istack-commons-runtime/4.1.2/istack-commons-runtime-4.1.2.jar (26 kB at 170 kB/s)
#18 5.640 [INFO] Downloading from central: https://repo.maven.apache.org/maven2/org/slf4j/slf4j-api/2.0.16/slf4j-api-2.0.16.jar
#18 5.653 [INFO] Downloaded from central: https://repo.maven.apache.org/maven2/org/hamcrest/hamcrest-core/2.2/hamcrest-core-2.2.jar (1.5 kB at 9.0 kB/s)
#18 5.705 [INFO] Downloaded from central: https://repo.maven.apache.org/maven2/org/slf4j/slf4j-api/2.0.16/slf4j-api-2.0.16.jar (69 kB at 324 kB/s)
#18 5.709 [INFO] Downloaded from central: https://repo.maven.apache.org/maven2/net/bytebuddy/byte-buddy-agent/1.14.19/byte-buddy-agent-1.14.19.jar (263 kB at 1.2 MB/s)
#18 5.711 [INFO] Downloaded from central: https://repo.maven.apache.org/maven2/org/glassfish/jaxb/jaxb-runtime/4.0.5/jaxb-runtime-4.0.5.jar (920 kB at 4.0 MB/s)
#18 6.201 [INFO] Downloaded from central: https://repo.maven.apache.org/maven2/net/bytebuddy/byte-buddy/1.14.19/byte-buddy-1.14.19.jar (4.2 MB at 5.9 MB/s)
#18 6.230 [INFO] 
#18 6.230 [INFO] --- clean:3.3.2:clean (default-clean) @ ticket-reservation ---
#18 6.314 [INFO] 
#18 6.314 [INFO] --- resources:3.3.1:resources (default-resources) @ ticket-reservation ---
#18 6.441 [INFO] Copying 1 resource from src/main/resources to target/classes
#18 6.463 [INFO] Copying 1 resource from src/main/resources to target/classes
#18 6.469 [INFO] 
#18 6.470 [INFO] --- compiler:3.13.0:compile (default-compile) @ ticket-reservation ---
#18 6.620 [INFO] Recompiling the module because of changed source code.
#18 6.633 [INFO] Compiling 29 source files with javac [debug parameters release 17] to target/classes
#18 7.838 [INFO] 
#18 7.838 [INFO] --- resources:3.3.1:testResources (default-testResources) @ ticket-reservation ---
#18 7.851 [INFO] Copying 2 resources from src/test/resources to target/test-classes
#18 7.856 [INFO] 
#18 7.856 [INFO] --- compiler:3.13.0:testCompile (default-testCompile) @ ticket-reservation ---
#18 7.876 [INFO] Recompiling the module because of changed dependency.
#18 7.881 [INFO] Compiling 15 source files with javac [debug parameters release 17] to target/test-classes
#18 9.096 [INFO] 
#18 9.096 [INFO] --- surefire:3.2.5:test (default-test) @ ticket-reservation ---
#18 9.357 [INFO] Tests are skipped.
#18 9.358 [INFO] 
#18 9.358 [INFO] --- jar:3.4.2:jar (default-jar) @ ticket-reservation ---
#18 9.755 [INFO] Building jar: /build/target/ticket-reservation-1.0.0.jar
#18 9.828 [INFO] 
#18 9.828 [INFO] --- spring-boot:3.3.4:repackage (repackage) @ ticket-reservation ---
#18 10.33 [INFO] Replacing main artifact /build/target/ticket-reservation-1.0.0.jar with repackaged archive, adding nested dependencies in BOOT-INF/.
#18 10.33 [INFO] The original artifact has been renamed to /build/target/ticket-reservation-1.0.0.jar.original
#18 10.34 [INFO] ------------------------------------------------------------------------
#18 10.34 [INFO] BUILD SUCCESS
#18 10.34 [INFO] ------------------------------------------------------------------------
#18 10.34 [INFO] Total time:  8.428 s
#18 10.34 [INFO] Finished at: 2026-07-30T10:04:44Z
#18 10.34 [INFO] ------------------------------------------------------------------------
#18 DONE 10.6s

#19 [runtime 2/4] RUN apt-get update     && apt-get install -y --no-install-recommends curl     && rm -rf /var/lib/apt/lists/*
#19 CACHED

#20 [runtime 3/4] WORKDIR /app
#20 CACHED

#21 [runtime 4/4] COPY --from=build /build/target/ticket-reservation-1.0.0.jar app.jar
#21 DONE 0.2s

#22 exporting to image
#22 exporting layers
#22 exporting layers 2.4s done
#22 exporting manifest sha256:92197aa1a8e04be1035e6ae84f985aab0069974b173ffeeb1c261d82db921432 0.0s done
#22 exporting config sha256:152bc5fac1cb103a609ad3fb2a3256d745571eac61a7c4b3bfd0522977020e20 0.0s done
#22 exporting attestation manifest sha256:8b22803b19dbbff01c6def5568a10f97149e696c288fe004178fcb87c6fd1b90 0.0s done
#22 exporting manifest list sha256:60f226f2cbbb35581079cca434b27cc78d2f76f303bb027300f9cfb6e0162e60
#22 exporting manifest list sha256:60f226f2cbbb35581079cca434b27cc78d2f76f303bb027300f9cfb6e0162e60 0.0s done
#22 naming to docker.io/library/ticket-reservation-app:latest done
#22 unpacking to docker.io/library/ticket-reservation-app:latest
#22 unpacking to docker.io/library/ticket-reservation-app:latest 0.3s done
#22 DONE 2.9s

#23 resolving provenance for metadata file
#23 DONE 0.0s
 Image ticket-reservation-app Built 
 Network ticket-reservation_default Creating 
 Network ticket-reservation_default Created 
 Volume ticket-reservation_db-data Creating 
 Volume ticket-reservation_db-data Created 
 Container ticket-reservation-db-1 Creating 
 Container ticket-reservation-mock-pg-1 Creating 
 Container ticket-reservation-db-1 Created 
 Container ticket-reservation-mock-pg-1 Created 
 Container ticket-reservation-app-1 Creating 
 Container ticket-reservation-app-1 Created 
 Container ticket-reservation-mock-pg-1 Starting 
 Container ticket-reservation-db-1 Starting 
 Container ticket-reservation-db-1 Started 
 Container ticket-reservation-mock-pg-1 Started 
 Container ticket-reservation-db-1 Waiting 
 Container ticket-reservation-db-1 Healthy 
 Container ticket-reservation-app-1 Starting 
 Container ticket-reservation-app-1 Started 
