[INFO] Scanning for projects...
[INFO] 
[INFO] ------------------< com.thinking:ticket-reservation >-------------------
[INFO] Building ticket-reservation 1.0.0
[INFO]   from pom.xml
[INFO] --------------------------------[ jar ]---------------------------------
[INFO] 
[INFO] --- resources:3.3.1:resources (default-resources) @ ticket-reservation ---
[INFO] Copying 1 resource from src/main/resources to target/classes
[INFO] Copying 1 resource from src/main/resources to target/classes
[INFO] 
[INFO] --- compiler:3.13.0:compile (default-compile) @ ticket-reservation ---
[INFO] Recompiling the module because of changed source code.
[INFO] Compiling 29 source files with javac [debug parameters release 17] to target/classes
[INFO] 
[INFO] --- resources:3.3.1:testResources (default-testResources) @ ticket-reservation ---
[INFO] Copying 2 resources from src/test/resources to target/test-classes
[INFO] 
[INFO] --- compiler:3.13.0:testCompile (default-testCompile) @ ticket-reservation ---
[INFO] Recompiling the module because of changed dependency.
[INFO] Compiling 15 source files with javac [debug parameters release 17] to target/test-classes
[INFO] 
[INFO] --- surefire:3.2.5:test (default-test) @ ticket-reservation ---
[INFO] Using auto detected provider org.apache.maven.surefire.junitplatform.JUnitPlatformProvider
[INFO] 
[INFO] -------------------------------------------------------
[INFO]  T E S T S
[INFO] -------------------------------------------------------
[INFO] Running com.thinking.ticket.CucumberAcceptanceTest

Scenario: 5만원 이상 티켓은 10% 할인된 금액이 청구된다        # features/new_requirements.feature:9
  Given 회원 저장소와 티켓 저장소가 비어 있다                # com.thinking.ticket.steps.TicketReservationSteps.저장소가_비어_있다()
  Given 회원 1이 등록되어 있다                        # com.thinking.ticket.steps.TicketReservationSteps.회원이_등록되어_있다(long)
  And 가격 50000원짜리 미예약 티켓 20이 있다              # com.thinking.ticket.steps.TicketReservationSteps.미예약_티켓이_있다(int,long)
  When 회원 1이 카드정보 "card-token"으로 티켓 20을 예매하면 # com.thinking.ticket.steps.TicketReservationSteps.예매하면(long,java.lang.String,long)
  Then 예매는 성공한다                              # com.thinking.ticket.steps.TicketReservationSteps.예매는_성공한다()
  And 티켓 20은 회원 1에게 예약된다                     # com.thinking.ticket.steps.TicketReservationSteps.티켓이_회원에게_예약된다(long,long)
  And 45000원이 청구된다                           # com.thinking.ticket.steps.TicketReservationSteps.금액이_청구된다(int)

Scenario: 판매 중지된 티켓은 예매할 수 없고 결제도 일어나지 않는다   # features/new_requirements.feature:18
  Given 회원 저장소와 티켓 저장소가 비어 있다                # com.thinking.ticket.steps.TicketReservationSteps.저장소가_비어_있다()
  Given 회원 1이 등록되어 있다                        # com.thinking.ticket.steps.TicketReservationSteps.회원이_등록되어_있다(long)
  And 가격 30000원짜리 판매 중지된 티켓 20이 있다           # com.thinking.ticket.steps.TicketReservationSteps.판매_중지된_티켓이_있다(int,long)
  When 회원 1이 카드정보 "card-token"으로 티켓 20을 예매하면 # com.thinking.ticket.steps.TicketReservationSteps.예매하면(long,java.lang.String,long)
  Then 예매는 판매 중지로 거부된다                       # com.thinking.ticket.steps.TicketReservationSteps.판매_중지로_거부된다()
  And 결제는 청구되지 않는다                           # com.thinking.ticket.steps.TicketReservationSteps.결제는_청구되지_않는다()

Scenario: 유효한 회원이 미예약 티켓을 예매하면 예약이 확정되고 결제가 청구된다 # features/ticket_reservation.feature:12
  Given 회원 저장소와 티켓 저장소가 비어 있다                    # com.thinking.ticket.steps.TicketReservationSteps.저장소가_비어_있다()
  Given 회원 1이 등록되어 있다                            # com.thinking.ticket.steps.TicketReservationSteps.회원이_등록되어_있다(long)
  And 가격 30000원짜리 미예약 티켓 20이 있다                  # com.thinking.ticket.steps.TicketReservationSteps.미예약_티켓이_있다(int,long)
  When 회원 1이 카드정보 "card-token"으로 티켓 20을 예매하면     # com.thinking.ticket.steps.TicketReservationSteps.예매하면(long,java.lang.String,long)
  Then 예매는 성공한다                                  # com.thinking.ticket.steps.TicketReservationSteps.예매는_성공한다()
  And 티켓 20은 회원 1에게 예약된다                         # com.thinking.ticket.steps.TicketReservationSteps.티켓이_회원에게_예약된다(long,long)
  And 30000원이 청구된다                               # com.thinking.ticket.steps.TicketReservationSteps.금액이_청구된다(int)

Scenario: 등록되지 않은 회원은 예매할 수 없고 결제도 일어나지 않는다  # features/ticket_reservation.feature:20
  Given 회원 저장소와 티켓 저장소가 비어 있다                # com.thinking.ticket.steps.TicketReservationSteps.저장소가_비어_있다()
  Given 가격 30000원짜리 미예약 티켓 20이 있다            # com.thinking.ticket.steps.TicketReservationSteps.미예약_티켓이_있다(int,long)
  When 회원 1이 카드정보 "card-token"으로 티켓 20을 예매하면 # com.thinking.ticket.steps.TicketReservationSteps.예매하면(long,java.lang.String,long)
  Then 예매는 회원 없음으로 거부된다                      # com.thinking.ticket.steps.TicketReservationSteps.회원_없음으로_거부된다()
  And 결제는 청구되지 않는다                           # com.thinking.ticket.steps.TicketReservationSteps.결제는_청구되지_않는다()

Scenario: 이미 예약된 티켓은 예매할 수 없고 결제도 일어나지 않는다   # features/ticket_reservation.feature:26
  Given 회원 저장소와 티켓 저장소가 비어 있다                # com.thinking.ticket.steps.TicketReservationSteps.저장소가_비어_있다()
  Given 회원 1이 등록되어 있다                        # com.thinking.ticket.steps.TicketReservationSteps.회원이_등록되어_있다(long)
  And 가격 30000원짜리 이미 예약된 티켓 20이 있다           # com.thinking.ticket.steps.TicketReservationSteps.이미_예약된_티켓이_있다(int,long)
  When 회원 1이 카드정보 "card-token"으로 티켓 20을 예매하면 # com.thinking.ticket.steps.TicketReservationSteps.예매하면(long,java.lang.String,long)
  Then 예매는 이미 예약됨으로 거부된다                     # com.thinking.ticket.steps.TicketReservationSteps.이미_예약됨으로_거부된다()
  And 결제는 청구되지 않는다                           # com.thinking.ticket.steps.TicketReservationSteps.결제는_청구되지_않는다()

Scenario: 결제가 거절되면 예매는 실패하고 티켓은 예약되지 않는다     # features/ticket_reservation.feature:33
  Given 회원 저장소와 티켓 저장소가 비어 있다                # com.thinking.ticket.steps.TicketReservationSteps.저장소가_비어_있다()
  Given 회원 1이 등록되어 있다                        # com.thinking.ticket.steps.TicketReservationSteps.회원이_등록되어_있다(long)
  And 가격 30000원짜리 미예약 티켓 20이 있다              # com.thinking.ticket.steps.TicketReservationSteps.미예약_티켓이_있다(int,long)
  And 결제는 거절되는 상황이다                          # com.thinking.ticket.steps.TicketReservationSteps.결제는_거절된다()
  When 회원 1이 카드정보 "card-token"으로 티켓 20을 예매하면 # com.thinking.ticket.steps.TicketReservationSteps.예매하면(long,java.lang.String,long)
  Then 예매는 결제 실패로 거부된다                       # com.thinking.ticket.steps.TicketReservationSteps.결제_실패로_거부된다()
  And 티켓 20은 예약되지 않는다                        # com.thinking.ticket.steps.TicketReservationSteps.티켓은_예약되지_않는다(long)
  And 30000원 청구가 시도된다                        # com.thinking.ticket.steps.TicketReservationSteps.청구가_시도된다(int)

Scenario: 존재하지 않는 티켓은 예매할 수 없고 결제도 일어나지 않는다  # features/ticket_reservation.feature:42
  Given 회원 저장소와 티켓 저장소가 비어 있다                # com.thinking.ticket.steps.TicketReservationSteps.저장소가_비어_있다()
  Given 회원 1이 등록되어 있다                        # com.thinking.ticket.steps.TicketReservationSteps.회원이_등록되어_있다(long)
  And 티켓 20은 저장소에 없다                         # com.thinking.ticket.steps.TicketReservationSteps.티켓이_저장소에_없다(long)
  When 회원 1이 카드정보 "card-token"으로 티켓 20을 예매하면 # com.thinking.ticket.steps.TicketReservationSteps.예매하면(long,java.lang.String,long)
  Then 예매는 티켓 없음으로 거부된다                      # com.thinking.ticket.steps.TicketReservationSteps.티켓_없음으로_거부된다()
  And 결제는 청구되지 않는다                           # com.thinking.ticket.steps.TicketReservationSteps.결제는_청구되지_않는다()

7 Scenarios (7 passed)
45 Steps (45 passed)
0m1.555s


[INFO] Tests run: 7, Failures: 0, Errors: 0, Skipped: 0, Time elapsed: 1.802 s -- in com.thinking.ticket.CucumberAcceptanceTest
[INFO] Running com.thinking.ticket.e2e.E2eCucumberAcceptanceTest
10:01:44.246 [main] INFO org.springframework.test.context.support.AnnotationConfigContextLoaderUtils -- Could not detect default configuration classes for test class [com.thinking.ticket.e2e.E2eCucumberSpringConfiguration]: E2eCucumberSpringConfiguration does not declare any static, non-private, non-final, nested classes annotated with @Configuration.
10:01:44.961 [main] INFO org.springframework.boot.test.context.SpringBootTestContextBootstrapper -- Found @SpringBootConfiguration com.thinking.ticket.TicketReservationApplication for test class com.thinking.ticket.e2e.E2eCucumberSpringConfiguration

  .   ____          _            __ _ _
 /\\ / ___'_ __ _ _(_)_ __  __ _ \ \ \ \
( ( )\___ | '_ | '_| | '_ \/ _` | \ \ \ \
 \\/  ___)| |_)| | | | | || (_| |  ) ) ) )
  '  |____| .__|_| |_|_| |_\__, | / / / /
 =========|_|==============|___/=/_/_/_/

 :: Spring Boot ::                (v3.3.4)

2026-07-30T10:01:47.756Z  INFO 100 --- [ticket-reservation] [           main] org.testcontainers.images.PullPolicy     : Image pull policy will be performed by: DefaultPullPolicy()
2026-07-30T10:01:47.787Z  INFO 100 --- [ticket-reservation] [           main] o.t.utility.ImageNameSubstitutor         : Image name substitution will be performed by: DefaultImageNameSubstitutor (composite of 'ConfigurationFileImageNameSubstitutor' and 'PrefixingImageNameSubstitutor')
2026-07-30T10:01:51.442Z  INFO 100 --- [ticket-reservation] [           main] o.t.d.DockerClientProviderStrategy       : Found Docker environment with local Unix socket (unix:///var/run/docker.sock)
2026-07-30T10:01:51.447Z  INFO 100 --- [ticket-reservation] [           main] org.testcontainers.DockerClientFactory   : Docker host IP address is host.docker.internal
2026-07-30T10:01:51.517Z  INFO 100 --- [ticket-reservation] [           main] org.testcontainers.DockerClientFactory   : Connected to docker: 
  Server Version: 29.6.2
  API Version: 1.55
  Operating System: Docker Desktop
  Total Memory: 15947 MB
2026-07-30T10:01:51.729Z  INFO 100 --- [ticket-reservation] [           main] tc.testcontainers/ryuk:0.7.0             : Creating container for image: testcontainers/ryuk:0.7.0
2026-07-30T10:01:51.748Z  INFO 100 --- [ticket-reservation] [           main] o.t.utility.RegistryAuthLocator          : Failure when attempting to lookup auth config. Please ignore if you don't have images in an authenticated registry. Details: (dockerImageName: testcontainers/ryuk:0.7.0, configFile: /root/.docker/config.json, configEnv: DOCKER_AUTH_CONFIG). Falling back to docker-java default behaviour. Exception message: Status 404: No config supplied. Checked in order: /root/.docker/config.json (file not found), DOCKER_AUTH_CONFIG (not set)
2026-07-30T10:01:52.316Z  INFO 100 --- [ticket-reservation] [           main] tc.testcontainers/ryuk:0.7.0             : Container testcontainers/ryuk:0.7.0 is starting: 5118e89bab2ecc564459090ca96ac4f9bde85001490f083236cb08ce13278e38
2026-07-30T10:01:53.225Z  INFO 100 --- [ticket-reservation] [           main] tc.testcontainers/ryuk:0.7.0             : Container testcontainers/ryuk:0.7.0 started in PT1.495510795S
2026-07-30T10:01:53.240Z  INFO 100 --- [ticket-reservation] [           main] o.t.utility.RyukResourceReaper           : Ryuk started - will monitor and terminate Testcontainers containers on JVM exit
2026-07-30T10:01:53.241Z  INFO 100 --- [ticket-reservation] [           main] org.testcontainers.DockerClientFactory   : Checking the system...
2026-07-30T10:01:53.243Z  INFO 100 --- [ticket-reservation] [           main] org.testcontainers.DockerClientFactory   : ✔︎ Docker server version should be at least 1.6.0
2026-07-30T10:01:53.253Z  INFO 100 --- [ticket-reservation] [           main] tc.mysql:8.4                             : Creating container for image: mysql:8.4
2026-07-30T10:01:53.552Z  INFO 100 --- [ticket-reservation] [           main] tc.mysql:8.4                             : Container mysql:8.4 is starting: 4157ab93804b3c47f08cc1a80af74d10ef623acedf63bbe8a38851d08c2194e1
2026-07-30T10:01:53.862Z  INFO 100 --- [ticket-reservation] [           main] tc.mysql:8.4                             : Waiting for database connection to become available at jdbc:mysql://host.docker.internal:8022/test using query 'SELECT 1'
2026-07-30T10:02:11.121Z  INFO 100 --- [ticket-reservation] [           main] tc.mysql:8.4                             : Container mysql:8.4 started in PT17.868443249S
2026-07-30T10:02:11.122Z  INFO 100 --- [ticket-reservation] [           main] tc.mysql:8.4                             : Container is started (JDBC URL: jdbc:mysql://host.docker.internal:8022/test)
2026-07-30T10:02:11.166Z  INFO 100 --- [ticket-reservation] [           main] c.t.t.e.E2eCucumberSpringConfiguration   : Starting E2eCucumberSpringConfiguration using Java 17.0.19 with PID 100 (started by root in /app)
2026-07-30T10:02:11.169Z  INFO 100 --- [ticket-reservation] [           main] c.t.t.e.E2eCucumberSpringConfiguration   : The following 1 profile is active: "test"
2026-07-30T10:02:17.092Z  INFO 100 --- [ticket-reservation] [           main] .s.d.r.c.RepositoryConfigurationDelegate : Bootstrapping Spring Data JPA repositories in DEFAULT mode.
2026-07-30T10:02:17.814Z  INFO 100 --- [ticket-reservation] [           main] .s.d.r.c.RepositoryConfigurationDelegate : Finished Spring Data repository scanning in 683 ms. Found 2 JPA repository interfaces.
2026-07-30T10:02:21.438Z  INFO 100 --- [ticket-reservation] [           main] o.s.b.w.embedded.tomcat.TomcatWebServer  : Tomcat initialized with port 0 (http)
2026-07-30T10:02:21.501Z  INFO 100 --- [ticket-reservation] [           main] o.apache.catalina.core.StandardService   : Starting service [Tomcat]
2026-07-30T10:02:21.503Z  INFO 100 --- [ticket-reservation] [           main] o.apache.catalina.core.StandardEngine    : Starting Servlet engine: [Apache Tomcat/10.1.30]
2026-07-30T10:02:21.740Z  INFO 100 --- [ticket-reservation] [           main] o.a.c.c.C.[Tomcat].[localhost].[/]       : Initializing Spring embedded WebApplicationContext
2026-07-30T10:02:21.740Z  INFO 100 --- [ticket-reservation] [           main] w.s.c.ServletWebServerApplicationContext : Root WebApplicationContext: initialization completed in 10484 ms
2026-07-30T10:02:23.470Z  INFO 100 --- [ticket-reservation] [           main] o.hibernate.jpa.internal.util.LogHelper  : HHH000204: Processing PersistenceUnitInfo [name: default]
2026-07-30T10:02:23.879Z  INFO 100 --- [ticket-reservation] [           main] org.hibernate.Version                    : HHH000412: Hibernate ORM core version 6.5.3.Final
2026-07-30T10:02:24.094Z  INFO 100 --- [ticket-reservation] [           main] o.h.c.internal.RegionFactoryInitiator    : HHH000026: Second-level cache disabled
2026-07-30T10:02:26.066Z  INFO 100 --- [ticket-reservation] [           main] o.s.o.j.p.SpringPersistenceUnitInfo      : No LoadTimeWeaver setup: ignoring JPA class transformer
2026-07-30T10:02:26.368Z  INFO 100 --- [ticket-reservation] [           main] com.zaxxer.hikari.HikariDataSource       : HikariPool-1 - Starting...
2026-07-30T10:02:26.719Z  INFO 100 --- [ticket-reservation] [           main] com.zaxxer.hikari.pool.HikariPool        : HikariPool-1 - Added connection com.mysql.cj.jdbc.ConnectionImpl@2981064d
2026-07-30T10:02:26.734Z  INFO 100 --- [ticket-reservation] [           main] com.zaxxer.hikari.HikariDataSource       : HikariPool-1 - Start completed.
2026-07-30T10:02:26.967Z  WARN 100 --- [ticket-reservation] [           main] org.hibernate.orm.deprecation            : HHH90000025: MySQLDialect does not need to be specified explicitly using 'hibernate.dialect' (remove the property setting and it will be selected by default)
2026-07-30T10:02:32.131Z  INFO 100 --- [ticket-reservation] [           main] o.h.e.t.j.p.i.JtaPlatformInitiator       : HHH000489: No JTA platform available (set 'hibernate.transaction.jta.platform' to enable JTA platform integration)
2026-07-30T10:02:32.486Z  INFO 100 --- [ticket-reservation] [           main] j.LocalContainerEntityManagerFactoryBean : Initialized JPA EntityManagerFactory for persistence unit 'default'
2026-07-30T10:02:33.905Z  INFO 100 --- [ticket-reservation] [           main] o.s.d.j.r.query.QueryEnhancerFactory     : Hibernate is in classpath; If applicable, HQL parser will be used.
2026-07-30T10:02:39.960Z  INFO 100 --- [ticket-reservation] [           main] o.s.b.a.e.web.EndpointLinksResolver      : Exposing 2 endpoints beneath base path '/actuator'
2026-07-30T10:02:40.211Z  INFO 100 --- [ticket-reservation] [           main] o.s.b.w.embedded.tomcat.TomcatWebServer  : Tomcat started on port 46613 (http) with context path '/'
2026-07-30T10:02:40.235Z  INFO 100 --- [ticket-reservation] [           main] c.t.t.e.E2eCucumberSpringConfiguration   : Started E2eCucumberSpringConfiguration in 54.35 seconds (process running for 61.188)
OpenJDK 64-Bit Server VM warning: Sharing is only supported for boot loader classes because bootstrap classpath has been appended

Scenario: 5만원 이상 티켓은 10% 할인된 금액이 청구된다        # features/new_requirements.feature:9
  Given 회원 저장소와 티켓 저장소가 비어 있다                # com.thinking.ticket.e2e.HttpTicketReservationSteps.저장소가_비어_있다()
  Given 회원 1이 등록되어 있다                        # com.thinking.ticket.e2e.HttpTicketReservationSteps.회원이_등록되어_있다(long)
  And 가격 50000원짜리 미예약 티켓 20이 있다              # com.thinking.ticket.e2e.HttpTicketReservationSteps.미예약_티켓이_있다(int,long)
2026-07-30T10:02:42.536Z  INFO 100 --- [ticket-reservation] [o-auto-1-exec-1] o.a.c.c.C.[Tomcat].[localhost].[/]       : Initializing Spring DispatcherServlet 'dispatcherServlet'
2026-07-30T10:02:42.536Z  INFO 100 --- [ticket-reservation] [o-auto-1-exec-1] o.s.web.servlet.DispatcherServlet        : Initializing Servlet 'dispatcherServlet'
2026-07-30T10:02:42.537Z  INFO 100 --- [ticket-reservation] [o-auto-1-exec-1] o.s.web.servlet.DispatcherServlet        : Completed initialization in 1 ms
  When 회원 1이 카드정보 "card-token"으로 티켓 20을 예매하면 # com.thinking.ticket.e2e.HttpTicketReservationSteps.예매하면(long,java.lang.String,long)
  Then 예매는 성공한다                              # com.thinking.ticket.e2e.HttpTicketReservationSteps.예매는_성공한다()
  And 티켓 20은 회원 1에게 예약된다                     # com.thinking.ticket.e2e.HttpTicketReservationSteps.티켓이_회원에게_예약된다(long,long)
  And 45000원이 청구된다                           # com.thinking.ticket.e2e.HttpTicketReservationSteps.금액이_청구된다(int)
2026-07-30T10:02:43.982Z  INFO 100 --- [ticket-reservation] [           main] t.c.s.AnnotationConfigContextLoaderUtils : Could not detect default configuration classes for test class [com.thinking.ticket.e2e.E2eCucumberSpringConfiguration]: E2eCucumberSpringConfiguration does not declare any static, non-private, non-final, nested classes annotated with @Configuration.
2026-07-30T10:02:43.988Z  INFO 100 --- [ticket-reservation] [           main] .b.t.c.SpringBootTestContextBootstrapper : Found @SpringBootConfiguration com.thinking.ticket.TicketReservationApplication for test class com.thinking.ticket.e2e.E2eCucumberSpringConfiguration

Scenario: 판매 중지된 티켓은 예매할 수 없고 결제도 일어나지 않는다   # features/new_requirements.feature:18
  Given 회원 저장소와 티켓 저장소가 비어 있다                # com.thinking.ticket.e2e.HttpTicketReservationSteps.저장소가_비어_있다()
  Given 회원 1이 등록되어 있다                        # com.thinking.ticket.e2e.HttpTicketReservationSteps.회원이_등록되어_있다(long)
  And 가격 30000원짜리 판매 중지된 티켓 20이 있다           # com.thinking.ticket.e2e.HttpTicketReservationSteps.판매_중지된_티켓이_있다(int,long)
  When 회원 1이 카드정보 "card-token"으로 티켓 20을 예매하면 # com.thinking.ticket.e2e.HttpTicketReservationSteps.예매하면(long,java.lang.String,long)
  Then 예매는 판매 중지로 거부된다                       # com.thinking.ticket.e2e.HttpTicketReservationSteps.판매_중지로_거부된다()
  And 결제는 청구되지 않는다                           # com.thinking.ticket.e2e.HttpTicketReservationSteps.결제는_청구되지_않는다()
2026-07-30T10:02:44.139Z  INFO 100 --- [ticket-reservation] [           main] t.c.s.AnnotationConfigContextLoaderUtils : Could not detect default configuration classes for test class [com.thinking.ticket.e2e.E2eCucumberSpringConfiguration]: E2eCucumberSpringConfiguration does not declare any static, non-private, non-final, nested classes annotated with @Configuration.
2026-07-30T10:02:44.143Z  INFO 100 --- [ticket-reservation] [           main] .b.t.c.SpringBootTestContextBootstrapper : Found @SpringBootConfiguration com.thinking.ticket.TicketReservationApplication for test class com.thinking.ticket.e2e.E2eCucumberSpringConfiguration

Scenario: 유효한 회원이 미예약 티켓을 예매하면 예약이 확정되고 결제가 청구된다 # features/ticket_reservation.feature:12
  Given 회원 저장소와 티켓 저장소가 비어 있다                    # com.thinking.ticket.e2e.HttpTicketReservationSteps.저장소가_비어_있다()
  Given 회원 1이 등록되어 있다                            # com.thinking.ticket.e2e.HttpTicketReservationSteps.회원이_등록되어_있다(long)
  And 가격 30000원짜리 미예약 티켓 20이 있다                  # com.thinking.ticket.e2e.HttpTicketReservationSteps.미예약_티켓이_있다(int,long)
  When 회원 1이 카드정보 "card-token"으로 티켓 20을 예매하면     # com.thinking.ticket.e2e.HttpTicketReservationSteps.예매하면(long,java.lang.String,long)
  Then 예매는 성공한다                                  # com.thinking.ticket.e2e.HttpTicketReservationSteps.예매는_성공한다()
  And 티켓 20은 회원 1에게 예약된다                         # com.thinking.ticket.e2e.HttpTicketReservationSteps.티켓이_회원에게_예약된다(long,long)
  And 30000원이 청구된다                               # com.thinking.ticket.e2e.HttpTicketReservationSteps.금액이_청구된다(int)
2026-07-30T10:02:44.295Z  INFO 100 --- [ticket-reservation] [           main] t.c.s.AnnotationConfigContextLoaderUtils : Could not detect default configuration classes for test class [com.thinking.ticket.e2e.E2eCucumberSpringConfiguration]: E2eCucumberSpringConfiguration does not declare any static, non-private, non-final, nested classes annotated with @Configuration.
2026-07-30T10:02:44.299Z  INFO 100 --- [ticket-reservation] [           main] .b.t.c.SpringBootTestContextBootstrapper : Found @SpringBootConfiguration com.thinking.ticket.TicketReservationApplication for test class com.thinking.ticket.e2e.E2eCucumberSpringConfiguration

Scenario: 등록되지 않은 회원은 예매할 수 없고 결제도 일어나지 않는다  # features/ticket_reservation.feature:20
  Given 회원 저장소와 티켓 저장소가 비어 있다                # com.thinking.ticket.e2e.HttpTicketReservationSteps.저장소가_비어_있다()
  Given 가격 30000원짜리 미예약 티켓 20이 있다            # com.thinking.ticket.e2e.HttpTicketReservationSteps.미예약_티켓이_있다(int,long)
  When 회원 1이 카드정보 "card-token"으로 티켓 20을 예매하면 # com.thinking.ticket.e2e.HttpTicketReservationSteps.예매하면(long,java.lang.String,long)
  Then 예매는 회원 없음으로 거부된다                      # com.thinking.ticket.e2e.HttpTicketReservationSteps.회원_없음으로_거부된다()
  And 결제는 청구되지 않는다                           # com.thinking.ticket.e2e.HttpTicketReservationSteps.결제는_청구되지_않는다()
2026-07-30T10:02:44.373Z  INFO 100 --- [ticket-reservation] [           main] t.c.s.AnnotationConfigContextLoaderUtils : Could not detect default configuration classes for test class [com.thinking.ticket.e2e.E2eCucumberSpringConfiguration]: E2eCucumberSpringConfiguration does not declare any static, non-private, non-final, nested classes annotated with @Configuration.
2026-07-30T10:02:44.377Z  INFO 100 --- [ticket-reservation] [           main] .b.t.c.SpringBootTestContextBootstrapper : Found @SpringBootConfiguration com.thinking.ticket.TicketReservationApplication for test class com.thinking.ticket.e2e.E2eCucumberSpringConfiguration

Scenario: 이미 예약된 티켓은 예매할 수 없고 결제도 일어나지 않는다   # features/ticket_reservation.feature:26
  Given 회원 저장소와 티켓 저장소가 비어 있다                # com.thinking.ticket.e2e.HttpTicketReservationSteps.저장소가_비어_있다()
  Given 회원 1이 등록되어 있다                        # com.thinking.ticket.e2e.HttpTicketReservationSteps.회원이_등록되어_있다(long)
  And 가격 30000원짜리 이미 예약된 티켓 20이 있다           # com.thinking.ticket.e2e.HttpTicketReservationSteps.이미_예약된_티켓이_있다(int,long)
  When 회원 1이 카드정보 "card-token"으로 티켓 20을 예매하면 # com.thinking.ticket.e2e.HttpTicketReservationSteps.예매하면(long,java.lang.String,long)
  Then 예매는 이미 예약됨으로 거부된다                     # com.thinking.ticket.e2e.HttpTicketReservationSteps.이미_예약됨으로_거부된다()
  And 결제는 청구되지 않는다                           # com.thinking.ticket.e2e.HttpTicketReservationSteps.결제는_청구되지_않는다()
2026-07-30T10:02:44.500Z  INFO 100 --- [ticket-reservation] [           main] t.c.s.AnnotationConfigContextLoaderUtils : Could not detect default configuration classes for test class [com.thinking.ticket.e2e.E2eCucumberSpringConfiguration]: E2eCucumberSpringConfiguration does not declare any static, non-private, non-final, nested classes annotated with @Configuration.
2026-07-30T10:02:44.504Z  INFO 100 --- [ticket-reservation] [           main] .b.t.c.SpringBootTestContextBootstrapper : Found @SpringBootConfiguration com.thinking.ticket.TicketReservationApplication for test class com.thinking.ticket.e2e.E2eCucumberSpringConfiguration

Scenario: 결제가 거절되면 예매는 실패하고 티켓은 예약되지 않는다     # features/ticket_reservation.feature:33
  Given 회원 저장소와 티켓 저장소가 비어 있다                # com.thinking.ticket.e2e.HttpTicketReservationSteps.저장소가_비어_있다()
  Given 회원 1이 등록되어 있다                        # com.thinking.ticket.e2e.HttpTicketReservationSteps.회원이_등록되어_있다(long)
  And 가격 30000원짜리 미예약 티켓 20이 있다              # com.thinking.ticket.e2e.HttpTicketReservationSteps.미예약_티켓이_있다(int,long)
  And 결제는 거절되는 상황이다                          # com.thinking.ticket.e2e.HttpTicketReservationSteps.결제는_거절된다()
  When 회원 1이 카드정보 "card-token"으로 티켓 20을 예매하면 # com.thinking.ticket.e2e.HttpTicketReservationSteps.예매하면(long,java.lang.String,long)
  Then 예매는 결제 실패로 거부된다                       # com.thinking.ticket.e2e.HttpTicketReservationSteps.결제_실패로_거부된다()
  And 티켓 20은 예약되지 않는다                        # com.thinking.ticket.e2e.HttpTicketReservationSteps.티켓은_예약되지_않는다(long)
  And 30000원 청구가 시도된다                        # com.thinking.ticket.e2e.HttpTicketReservationSteps.청구가_시도된다(int)
2026-07-30T10:02:44.610Z  INFO 100 --- [ticket-reservation] [           main] t.c.s.AnnotationConfigContextLoaderUtils : Could not detect default configuration classes for test class [com.thinking.ticket.e2e.E2eCucumberSpringConfiguration]: E2eCucumberSpringConfiguration does not declare any static, non-private, non-final, nested classes annotated with @Configuration.
2026-07-30T10:02:44.615Z  INFO 100 --- [ticket-reservation] [           main] .b.t.c.SpringBootTestContextBootstrapper : Found @SpringBootConfiguration com.thinking.ticket.TicketReservationApplication for test class com.thinking.ticket.e2e.E2eCucumberSpringConfiguration

Scenario: 존재하지 않는 티켓은 예매할 수 없고 결제도 일어나지 않는다  # features/ticket_reservation.feature:42
  Given 회원 저장소와 티켓 저장소가 비어 있다                # com.thinking.ticket.e2e.HttpTicketReservationSteps.저장소가_비어_있다()
  Given 회원 1이 등록되어 있다                        # com.thinking.ticket.e2e.HttpTicketReservationSteps.회원이_등록되어_있다(long)
  And 티켓 20은 저장소에 없다                         # com.thinking.ticket.e2e.HttpTicketReservationSteps.티켓이_저장소에_없다(long)
  When 회원 1이 카드정보 "card-token"으로 티켓 20을 예매하면 # com.thinking.ticket.e2e.HttpTicketReservationSteps.예매하면(long,java.lang.String,long)
  Then 예매는 티켓 없음으로 거부된다                      # com.thinking.ticket.e2e.HttpTicketReservationSteps.티켓_없음으로_거부된다()
  And 결제는 청구되지 않는다                           # com.thinking.ticket.e2e.HttpTicketReservationSteps.결제는_청구되지_않는다()

7 Scenarios (7 passed)
45 Steps (45 passed)
1m1.624s


[INFO] Tests run: 7, Failures: 0, Errors: 0, Skipped: 0, Time elapsed: 61.63 s -- in com.thinking.ticket.e2e.E2eCucumberAcceptanceTest
[INFO] Running com.thinking.ticket.jpa.JpaCucumberAcceptanceTest
2026-07-30T10:02:44.791Z  INFO 100 --- [ticket-reservation] [           main] t.c.s.AnnotationConfigContextLoaderUtils : Could not detect default configuration classes for test class [com.thinking.ticket.jpa.CucumberSpringConfiguration]: CucumberSpringConfiguration does not declare any static, non-private, non-final, nested classes annotated with @Configuration.
2026-07-30T10:02:45.088Z  INFO 100 --- [ticket-reservation] [           main] .b.t.c.SpringBootTestContextBootstrapper : Found @SpringBootConfiguration com.thinking.ticket.TicketReservationApplication for test class com.thinking.ticket.jpa.CucumberSpringConfiguration

  .   ____          _            __ _ _
 /\\ / ___'_ __ _ _(_)_ __  __ _ \ \ \ \
( ( )\___ | '_ | '_| | '_ \/ _` | \ \ \ \
 \\/  ___)| |_)| | | | | || (_| |  ) ) ) )
  '  |____| .__|_| |_|_| |_\__, | / / / /
 =========|_|==============|___/=/_/_/_/

 :: Spring Boot ::                (v3.3.4)

2026-07-30T10:02:45.251Z  INFO 100 --- [ticket-reservation] [           main] c.t.t.jpa.CucumberSpringConfiguration    : Starting CucumberSpringConfiguration using Java 17.0.19 with PID 100 (started by root in /app)
2026-07-30T10:02:45.252Z  INFO 100 --- [ticket-reservation] [           main] c.t.t.jpa.CucumberSpringConfiguration    : The following 1 profile is active: "test"
2026-07-30T10:02:47.846Z  INFO 100 --- [ticket-reservation] [           main] .s.d.r.c.RepositoryConfigurationDelegate : Bootstrapping Spring Data JPA repositories in DEFAULT mode.
2026-07-30T10:02:48.402Z  INFO 100 --- [ticket-reservation] [           main] .s.d.r.c.RepositoryConfigurationDelegate : Finished Spring Data repository scanning in 555 ms. Found 2 JPA repository interfaces.
2026-07-30T10:02:49.524Z  INFO 100 --- [ticket-reservation] [           main] o.hibernate.jpa.internal.util.LogHelper  : HHH000204: Processing PersistenceUnitInfo [name: default]
2026-07-30T10:02:49.631Z  INFO 100 --- [ticket-reservation] [           main] o.h.c.internal.RegionFactoryInitiator    : HHH000026: Second-level cache disabled
2026-07-30T10:02:49.912Z  INFO 100 --- [ticket-reservation] [           main] o.s.o.j.p.SpringPersistenceUnitInfo      : No LoadTimeWeaver setup: ignoring JPA class transformer
2026-07-30T10:02:49.937Z  INFO 100 --- [ticket-reservation] [           main] com.zaxxer.hikari.HikariDataSource       : HikariPool-2 - Starting...
2026-07-30T10:02:50.757Z  INFO 100 --- [ticket-reservation] [           main] com.zaxxer.hikari.pool.HikariPool        : HikariPool-2 - Added connection com.mysql.cj.jdbc.ConnectionImpl@4f2a0651
2026-07-30T10:02:50.758Z  INFO 100 --- [ticket-reservation] [           main] com.zaxxer.hikari.HikariDataSource       : HikariPool-2 - Start completed.
2026-07-30T10:02:50.871Z  WARN 100 --- [ticket-reservation] [           main] org.hibernate.orm.deprecation            : HHH90000025: MySQLDialect does not need to be specified explicitly using 'hibernate.dialect' (remove the property setting and it will be selected by default)
2026-07-30T10:02:51.813Z  INFO 100 --- [ticket-reservation] [           main] o.h.e.t.j.p.i.JtaPlatformInitiator       : HHH000489: No JTA platform available (set 'hibernate.transaction.jta.platform' to enable JTA platform integration)
2026-07-30T10:02:53.054Z  INFO 100 --- [ticket-reservation] [           main] j.LocalContainerEntityManagerFactoryBean : Initialized JPA EntityManagerFactory for persistence unit 'default'
2026-07-30T10:02:58.409Z  INFO 100 --- [ticket-reservation] [           main] o.s.b.a.e.web.EndpointLinksResolver      : Exposing 2 endpoints beneath base path '/actuator'
2026-07-30T10:02:58.468Z  INFO 100 --- [ticket-reservation] [           main] c.t.t.jpa.CucumberSpringConfiguration    : Started CucumberSpringConfiguration in 13.354 seconds (process running for 79.422)

Scenario: 5만원 이상 티켓은 10% 할인된 금액이 청구된다        # features/new_requirements.feature:9
  Given 회원 저장소와 티켓 저장소가 비어 있다                # com.thinking.ticket.jpa.JpaTicketReservationSteps.저장소가_비어_있다()
  Given 회원 1이 등록되어 있다                        # com.thinking.ticket.jpa.JpaTicketReservationSteps.회원이_등록되어_있다(long)
  And 가격 50000원짜리 미예약 티켓 20이 있다              # com.thinking.ticket.jpa.JpaTicketReservationSteps.미예약_티켓이_있다(int,long)
  When 회원 1이 카드정보 "card-token"으로 티켓 20을 예매하면 # com.thinking.ticket.jpa.JpaTicketReservationSteps.예매하면(long,java.lang.String,long)
  Then 예매는 성공한다                              # com.thinking.ticket.jpa.JpaTicketReservationSteps.예매는_성공한다()
  And 티켓 20은 회원 1에게 예약된다                     # com.thinking.ticket.jpa.JpaTicketReservationSteps.티켓이_회원에게_예약된다(long,long)
  And 45000원이 청구된다                           # com.thinking.ticket.jpa.JpaTicketReservationSteps.금액이_청구된다(int)
2026-07-30T10:02:58.725Z  INFO 100 --- [ticket-reservation] [           main] t.c.s.AnnotationConfigContextLoaderUtils : Could not detect default configuration classes for test class [com.thinking.ticket.jpa.CucumberSpringConfiguration]: CucumberSpringConfiguration does not declare any static, non-private, non-final, nested classes annotated with @Configuration.
2026-07-30T10:02:58.730Z  INFO 100 --- [ticket-reservation] [           main] .b.t.c.SpringBootTestContextBootstrapper : Found @SpringBootConfiguration com.thinking.ticket.TicketReservationApplication for test class com.thinking.ticket.jpa.CucumberSpringConfiguration

Scenario: 판매 중지된 티켓은 예매할 수 없고 결제도 일어나지 않는다   # features/new_requirements.feature:18
  Given 회원 저장소와 티켓 저장소가 비어 있다                # com.thinking.ticket.jpa.JpaTicketReservationSteps.저장소가_비어_있다()
  Given 회원 1이 등록되어 있다                        # com.thinking.ticket.jpa.JpaTicketReservationSteps.회원이_등록되어_있다(long)
  And 가격 30000원짜리 판매 중지된 티켓 20이 있다           # com.thinking.ticket.jpa.JpaTicketReservationSteps.판매_중지된_티켓이_있다(int,long)
  When 회원 1이 카드정보 "card-token"으로 티켓 20을 예매하면 # com.thinking.ticket.jpa.JpaTicketReservationSteps.예매하면(long,java.lang.String,long)
  Then 예매는 판매 중지로 거부된다                       # com.thinking.ticket.jpa.JpaTicketReservationSteps.판매_중지로_거부된다()
  And 결제는 청구되지 않는다                           # com.thinking.ticket.jpa.JpaTicketReservationSteps.결제는_청구되지_않는다()
2026-07-30T10:02:58.907Z  INFO 100 --- [ticket-reservation] [           main] t.c.s.AnnotationConfigContextLoaderUtils : Could not detect default configuration classes for test class [com.thinking.ticket.jpa.CucumberSpringConfiguration]: CucumberSpringConfiguration does not declare any static, non-private, non-final, nested classes annotated with @Configuration.
2026-07-30T10:02:58.914Z  INFO 100 --- [ticket-reservation] [           main] .b.t.c.SpringBootTestContextBootstrapper : Found @SpringBootConfiguration com.thinking.ticket.TicketReservationApplication for test class com.thinking.ticket.jpa.CucumberSpringConfiguration

Scenario: 유효한 회원이 미예약 티켓을 예매하면 예약이 확정되고 결제가 청구된다 # features/ticket_reservation.feature:12
  Given 회원 저장소와 티켓 저장소가 비어 있다                    # com.thinking.ticket.jpa.JpaTicketReservationSteps.저장소가_비어_있다()
  Given 회원 1이 등록되어 있다                            # com.thinking.ticket.jpa.JpaTicketReservationSteps.회원이_등록되어_있다(long)
  And 가격 30000원짜리 미예약 티켓 20이 있다                  # com.thinking.ticket.jpa.JpaTicketReservationSteps.미예약_티켓이_있다(int,long)
  When 회원 1이 카드정보 "card-token"으로 티켓 20을 예매하면     # com.thinking.ticket.jpa.JpaTicketReservationSteps.예매하면(long,java.lang.String,long)
  Then 예매는 성공한다                                  # com.thinking.ticket.jpa.JpaTicketReservationSteps.예매는_성공한다()
  And 티켓 20은 회원 1에게 예약된다                         # com.thinking.ticket.jpa.JpaTicketReservationSteps.티켓이_회원에게_예약된다(long,long)
  And 30000원이 청구된다                               # com.thinking.ticket.jpa.JpaTicketReservationSteps.금액이_청구된다(int)
2026-07-30T10:02:59.168Z  INFO 100 --- [ticket-reservation] [           main] t.c.s.AnnotationConfigContextLoaderUtils : Could not detect default configuration classes for test class [com.thinking.ticket.jpa.CucumberSpringConfiguration]: CucumberSpringConfiguration does not declare any static, non-private, non-final, nested classes annotated with @Configuration.
2026-07-30T10:02:59.172Z  INFO 100 --- [ticket-reservation] [           main] .b.t.c.SpringBootTestContextBootstrapper : Found @SpringBootConfiguration com.thinking.ticket.TicketReservationApplication for test class com.thinking.ticket.jpa.CucumberSpringConfiguration

Scenario: 등록되지 않은 회원은 예매할 수 없고 결제도 일어나지 않는다  # features/ticket_reservation.feature:20
  Given 회원 저장소와 티켓 저장소가 비어 있다                # com.thinking.ticket.jpa.JpaTicketReservationSteps.저장소가_비어_있다()
  Given 가격 30000원짜리 미예약 티켓 20이 있다            # com.thinking.ticket.jpa.JpaTicketReservationSteps.미예약_티켓이_있다(int,long)
  When 회원 1이 카드정보 "card-token"으로 티켓 20을 예매하면 # com.thinking.ticket.jpa.JpaTicketReservationSteps.예매하면(long,java.lang.String,long)
  Then 예매는 회원 없음으로 거부된다                      # com.thinking.ticket.jpa.JpaTicketReservationSteps.회원_없음으로_거부된다()
  And 결제는 청구되지 않는다                           # com.thinking.ticket.jpa.JpaTicketReservationSteps.결제는_청구되지_않는다()
2026-07-30T10:02:59.248Z  INFO 100 --- [ticket-reservation] [           main] t.c.s.AnnotationConfigContextLoaderUtils : Could not detect default configuration classes for test class [com.thinking.ticket.jpa.CucumberSpringConfiguration]: CucumberSpringConfiguration does not declare any static, non-private, non-final, nested classes annotated with @Configuration.
2026-07-30T10:02:59.253Z  INFO 100 --- [ticket-reservation] [           main] .b.t.c.SpringBootTestContextBootstrapper : Found @SpringBootConfiguration com.thinking.ticket.TicketReservationApplication for test class com.thinking.ticket.jpa.CucumberSpringConfiguration

Scenario: 이미 예약된 티켓은 예매할 수 없고 결제도 일어나지 않는다   # features/ticket_reservation.feature:26
  Given 회원 저장소와 티켓 저장소가 비어 있다                # com.thinking.ticket.jpa.JpaTicketReservationSteps.저장소가_비어_있다()
  Given 회원 1이 등록되어 있다                        # com.thinking.ticket.jpa.JpaTicketReservationSteps.회원이_등록되어_있다(long)
  And 가격 30000원짜리 이미 예약된 티켓 20이 있다           # com.thinking.ticket.jpa.JpaTicketReservationSteps.이미_예약된_티켓이_있다(int,long)
  When 회원 1이 카드정보 "card-token"으로 티켓 20을 예매하면 # com.thinking.ticket.jpa.JpaTicketReservationSteps.예매하면(long,java.lang.String,long)
  Then 예매는 이미 예약됨으로 거부된다                     # com.thinking.ticket.jpa.JpaTicketReservationSteps.이미_예약됨으로_거부된다()
  And 결제는 청구되지 않는다                           # com.thinking.ticket.jpa.JpaTicketReservationSteps.결제는_청구되지_않는다()
2026-07-30T10:02:59.357Z  INFO 100 --- [ticket-reservation] [           main] t.c.s.AnnotationConfigContextLoaderUtils : Could not detect default configuration classes for test class [com.thinking.ticket.jpa.CucumberSpringConfiguration]: CucumberSpringConfiguration does not declare any static, non-private, non-final, nested classes annotated with @Configuration.
2026-07-30T10:02:59.361Z  INFO 100 --- [ticket-reservation] [           main] .b.t.c.SpringBootTestContextBootstrapper : Found @SpringBootConfiguration com.thinking.ticket.TicketReservationApplication for test class com.thinking.ticket.jpa.CucumberSpringConfiguration

Scenario: 결제가 거절되면 예매는 실패하고 티켓은 예약되지 않는다     # features/ticket_reservation.feature:33
  Given 회원 저장소와 티켓 저장소가 비어 있다                # com.thinking.ticket.jpa.JpaTicketReservationSteps.저장소가_비어_있다()
  Given 회원 1이 등록되어 있다                        # com.thinking.ticket.jpa.JpaTicketReservationSteps.회원이_등록되어_있다(long)
  And 가격 30000원짜리 미예약 티켓 20이 있다              # com.thinking.ticket.jpa.JpaTicketReservationSteps.미예약_티켓이_있다(int,long)
  And 결제는 거절되는 상황이다                          # com.thinking.ticket.jpa.JpaTicketReservationSteps.결제는_거절된다()
  When 회원 1이 카드정보 "card-token"으로 티켓 20을 예매하면 # com.thinking.ticket.jpa.JpaTicketReservationSteps.예매하면(long,java.lang.String,long)
  Then 예매는 결제 실패로 거부된다                       # com.thinking.ticket.jpa.JpaTicketReservationSteps.결제_실패로_거부된다()
  And 티켓 20은 예약되지 않는다                        # com.thinking.ticket.jpa.JpaTicketReservationSteps.티켓은_예약되지_않는다(long)
  And 30000원 청구가 시도된다                        # com.thinking.ticket.jpa.JpaTicketReservationSteps.청구가_시도된다(int)
2026-07-30T10:02:59.479Z  INFO 100 --- [ticket-reservation] [           main] t.c.s.AnnotationConfigContextLoaderUtils : Could not detect default configuration classes for test class [com.thinking.ticket.jpa.CucumberSpringConfiguration]: CucumberSpringConfiguration does not declare any static, non-private, non-final, nested classes annotated with @Configuration.
2026-07-30T10:02:59.484Z  INFO 100 --- [ticket-reservation] [           main] .b.t.c.SpringBootTestContextBootstrapper : Found @SpringBootConfiguration com.thinking.ticket.TicketReservationApplication for test class com.thinking.ticket.jpa.CucumberSpringConfiguration

Scenario: 존재하지 않는 티켓은 예매할 수 없고 결제도 일어나지 않는다  # features/ticket_reservation.feature:42
  Given 회원 저장소와 티켓 저장소가 비어 있다                # com.thinking.ticket.jpa.JpaTicketReservationSteps.저장소가_비어_있다()
  Given 회원 1이 등록되어 있다                        # com.thinking.ticket.jpa.JpaTicketReservationSteps.회원이_등록되어_있다(long)
  And 티켓 20은 저장소에 없다                         # com.thinking.ticket.jpa.JpaTicketReservationSteps.티켓이_저장소에_없다(long)
  When 회원 1이 카드정보 "card-token"으로 티켓 20을 예매하면 # com.thinking.ticket.jpa.JpaTicketReservationSteps.예매하면(long,java.lang.String,long)
  Then 예매는 티켓 없음으로 거부된다                      # com.thinking.ticket.jpa.JpaTicketReservationSteps.티켓_없음으로_거부된다()
  And 결제는 청구되지 않는다                           # com.thinking.ticket.jpa.JpaTicketReservationSteps.결제는_청구되지_않는다()

7 Scenarios (7 passed)
45 Steps (45 passed)
0m14.891s


[INFO] Tests run: 7, Failures: 0, Errors: 0, Skipped: 0, Time elapsed: 14.90 s -- in com.thinking.ticket.jpa.JpaCucumberAcceptanceTest
[INFO] Running com.thinking.ticket.HexagonalBoundaryTest
2026-07-30T10:03:00.582Z  INFO 100 --- [ticket-reservation] [           main] com.tngtech.archunit.core.PluginLoader   : Detected Java version 17.0.19
[INFO] Tests run: 5, Failures: 0, Errors: 0, Skipped: 0, Time elapsed: 8.297 s -- in com.thinking.ticket.HexagonalBoundaryTest
[INFO] 
[INFO] Results:
[INFO] 
[INFO] Tests run: 26, Failures: 0, Errors: 0, Skipped: 0
[INFO] 
[INFO] ------------------------------------------------------------------------
[INFO] BUILD SUCCESS
[INFO] ------------------------------------------------------------------------
[INFO] Total time:  01:48 min
[INFO] Finished at: 2026-07-30T10:03:08Z
[INFO] ------------------------------------------------------------------------
