docker.exe :  Image ticket-reservation-app Building 
At line:3 char:1
+ & $d compose --project-directory $dir -f "$dir\docker-compose.yml" bu ...
+ ~~~~~~~~~~~~~~~~~~~~~~~~~~~~~~~~~~~~~~~~~~~~~~~~~~~~~~~~~~~~~~~~~~~~~
    + CategoryInfo          : NotSpecified: ( Image ticket-reservation-app Building :S 
   tring) [], RemoteException
    + FullyQualifiedErrorId : NativeCommandError
 
#1 [internal] load local bake definitions
#1 reading from stdin 613B 0.1s done
#1 DONE 0.1s

#2 [internal] load build definition from Dockerfile
#2 transferring dockerfile: 1.46kB done
#2 DONE 0.1s

#3 resolve image config for docker-image://docker.io/docker/dockerfile:1
#3 ...

#4 [auth] docker/dockerfile:pull token for registry-1.docker.io
#4 DONE 0.0s

#3 resolve image config for docker-image://docker.io/docker/dockerfile:1
#3 DONE 2.6s

#5 docker-image://docker.io/docker/dockerfile:1@sha256:87999aa3d42bdc6bea60565083ee17e86d1f3339802f543c0d03998580f9cb89
#5 resolve docker.io/docker/dockerfile:1@sha256:87999aa3d42bdc6bea60565083ee17e86d1f3339802f543c0d03998580f9cb89 0.0s done
#5 DONE 0.1s

#5 docker-image://docker.io/docker/dockerfile:1@sha256:87999aa3d42bdc6bea60565083ee17e86d1f3339802f543c0d03998580f9cb89
#5 sha256:50ba52cd6a2c01eaf1a9efbedc7c75b5da5e3965c1586001c722980487a73fd7 0B / 14.36MB 0.2s
#5 sha256:50ba52cd6a2c01eaf1a9efbedc7c75b5da5e3965c1586001c722980487a73fd7 2.10MB / 14.36MB 0.5s
#5 sha256:50ba52cd6a2c01eaf1a9efbedc7c75b5da5e3965c1586001c722980487a73fd7 3.15MB / 14.36MB 0.6s
#5 sha256:50ba52cd6a2c01eaf1a9efbedc7c75b5da5e3965c1586001c722980487a73fd7 5.24MB / 14.36MB 0.8s
#5 sha256:50ba52cd6a2c01eaf1a9efbedc7c75b5da5e3965c1586001c722980487a73fd7 7.34MB / 14.36MB 0.9s
#5 sha256:50ba52cd6a2c01eaf1a9efbedc7c75b5da5e3965c1586001c722980487a73fd7 8.39MB / 14.36MB 1.1s
#5 sha256:50ba52cd6a2c01eaf1a9efbedc7c75b5da5e3965c1586001c722980487a73fd7 10.49MB / 14.36MB 1.2s
#5 sha256:50ba52cd6a2c01eaf1a9efbedc7c75b5da5e3965c1586001c722980487a73fd7 12.58MB / 14.36MB 1.4s
#5 sha256:50ba52cd6a2c01eaf1a9efbedc7c75b5da5e3965c1586001c722980487a73fd7 13.63MB / 14.36MB 1.5s
#5 sha256:50ba52cd6a2c01eaf1a9efbedc7c75b5da5e3965c1586001c722980487a73fd7 14.36MB / 14.36MB 1.6s done
#5 extracting sha256:50ba52cd6a2c01eaf1a9efbedc7c75b5da5e3965c1586001c722980487a73fd7
#5 extracting sha256:50ba52cd6a2c01eaf1a9efbedc7c75b5da5e3965c1586001c722980487a73fd7 0.2s done
#5 DONE 2.0s

#6 [internal] load metadata for docker.io/library/eclipse-temurin:17-jre
#6 ...

#7 [auth] library/eclipse-temurin:pull token for registry-1.docker.io
#7 DONE 0.0s

#8 [auth] library/maven:pull token for registry-1.docker.io
#8 DONE 0.0s

#9 [internal] load metadata for docker.io/library/maven:3.9-eclipse-temurin-17
#9 ...

#6 [internal] load metadata for docker.io/library/eclipse-temurin:17-jre
#6 DONE 2.1s

#9 [internal] load metadata for docker.io/library/maven:3.9-eclipse-temurin-17
#9 DONE 2.1s

#10 [internal] load .dockerignore
#10 transferring context: 114B 0.0s done
#10 DONE 0.1s

#11 [internal] load build context
#11 DONE 0.0s

#12 [build 1/6] FROM docker.io/library/maven:3.9-eclipse-temurin-17@sha256:1ed5d1f54416b706707b4f3238f63a20bb06aab27c6d240090a2bb9ad895ed45
#12 resolve docker.io/library/maven:3.9-eclipse-temurin-17@sha256:1ed5d1f54416b706707b4f3238f63a20bb06aab27c6d240090a2bb9ad895ed45 0.1s done
#12 ...

#11 [internal] load build context
#11 transferring context: 50.65kB 0.1s done
#11 DONE 0.3s

#13 [runtime 1/4] FROM docker.io/library/eclipse-temurin:17-jre@sha256:92999aea37688157a53a40bfcb187c30f317422e028045fd5fc5c548fde9e626
#13 resolve docker.io/library/eclipse-temurin:17-jre@sha256:92999aea37688157a53a40bfcb187c30f317422e028045fd5fc5c548fde9e626 0.1s done
#13 DONE 0.9s

#12 [build 1/6] FROM docker.io/library/maven:3.9-eclipse-temurin-17@sha256:1ed5d1f54416b706707b4f3238f63a20bb06aab27c6d240090a2bb9ad895ed45
#12 sha256:6409aa88819b32ef3a17c8e9a873c2724a852f9414b957bc05f2c7f188369df4 0B / 156B 0.2s
#12 sha256:6409aa88819b32ef3a17c8e9a873c2724a852f9414b957bc05f2c7f188369df4 156B / 156B 0.3s done
#12 sha256:ae9054703ce2d33919a246158394238e195beb10b204645f5137595bce39b4be 0B / 357B 0.2s
#12 sha256:ae9054703ce2d33919a246158394238e195beb10b204645f5137595bce39b4be 357B / 357B 0.3s done
#12 sha256:7c9aa0b5359a03eb887fe111346c1ab11045f6df3f417b888c1dbee33be59588 0B / 850B 0.2s
#12 sha256:7c9aa0b5359a03eb887fe111346c1ab11045f6df3f417b888c1dbee33be59588 850B / 850B 0.4s done
#12 sha256:ea758b4efc71ae53080af6cc138051ce41323d02ef8f6b8d608333f1cc0bb9ec 0B / 9.36MB 0.2s
#12 sha256:ea758b4efc71ae53080af6cc138051ce41323d02ef8f6b8d608333f1cc0bb9ec 1.05MB / 9.36MB 0.9s
#12 sha256:ea758b4efc71ae53080af6cc138051ce41323d02ef8f6b8d608333f1cc0bb9ec 2.10MB / 9.36MB 1.8s
#12 sha256:ea758b4efc71ae53080af6cc138051ce41323d02ef8f6b8d608333f1cc0bb9ec 3.15MB / 9.36MB 2.3s
#12 sha256:ea758b4efc71ae53080af6cc138051ce41323d02ef8f6b8d608333f1cc0bb9ec 4.19MB / 9.36MB 2.9s
#12 ...

#13 [runtime 1/4] FROM docker.io/library/eclipse-temurin:17-jre@sha256:92999aea37688157a53a40bfcb187c30f317422e028045fd5fc5c548fde9e626
#13 sha256:d9d09586b42e6ca2daf5bc6997c79b6544c8ab6968007bf6d45461244e0a8f6d 2.28kB / 2.28kB 0.3s done
#13 sha256:fbac163eaafde74c3da742469a97741c4778d60068e9db627322f0634099c0dd 159B / 159B 0.4s done
#13 sha256:8bced5e73fb1b22956eb96aa1bc19c36c9b5a420969f487274ef92f847b1b0c2 24.12MB / 47.57MB 6.2s
#13 sha256:7d65f5f1479f861859edc72a46c18ab2b6ff2bd34d80ef9f641712eae9e8a9c8 20.12MB / 20.12MB 6.3s done
#13 sha256:a3679419df184857c0d317d7cdaad6187f6c0f0b68dd2ed58becf174e28f4c1b 393B / 393B 1.6s done
#13 sha256:ed819469700fe2cd94f44a7c218a84e40cda16dd2e7e5238cbdef33e6153d536 12.58MB / 41.58MB 5.7s
#13 sha256:ed819469700fe2cd94f44a7c218a84e40cda16dd2e7e5238cbdef33e6153d536 14.68MB / 41.58MB 6.0s
#13 sha256:ed819469700fe2cd94f44a7c218a84e40cda16dd2e7e5238cbdef33e6153d536 16.78MB / 41.58MB 6.6s
#13 sha256:8bced5e73fb1b22956eb96aa1bc19c36c9b5a420969f487274ef92f847b1b0c2 27.26MB / 47.57MB 7.7s
#13 sha256:ed819469700fe2cd94f44a7c218a84e40cda16dd2e7e5238cbdef33e6153d536 18.87MB / 41.58MB 7.7s
#13 sha256:ed819469700fe2cd94f44a7c218a84e40cda16dd2e7e5238cbdef33e6153d536 20.97MB / 41.58MB 9.8s
#13 sha256:8bced5e73fb1b22956eb96aa1bc19c36c9b5a420969f487274ef92f847b1b0c2 30.41MB / 47.57MB 10.5s
#13 sha256:ed819469700fe2cd94f44a7c218a84e40cda16dd2e7e5238cbdef33e6153d536 23.07MB / 41.58MB 10.8s
#13 sha256:8bced5e73fb1b22956eb96aa1bc19c36c9b5a420969f487274ef92f847b1b0c2 33.55MB / 47.57MB 11.6s
#13 sha256:ed819469700fe2cd94f44a7c218a84e40cda16dd2e7e5238cbdef33e6153d536 25.17MB / 41.58MB 11.7s
#13 sha256:8bced5e73fb1b22956eb96aa1bc19c36c9b5a420969f487274ef92f847b1b0c2 36.70MB / 47.57MB 13.2s
#13 sha256:ed819469700fe2cd94f44a7c218a84e40cda16dd2e7e5238cbdef33e6153d536 27.26MB / 41.58MB 12.9s
#13 sha256:ed819469700fe2cd94f44a7c218a84e40cda16dd2e7e5238cbdef33e6153d536 29.36MB / 41.58MB 13.8s
#13 sha256:8bced5e73fb1b22956eb96aa1bc19c36c9b5a420969f487274ef92f847b1b0c2 39.85MB / 47.57MB 14.6s
#13 sha256:ed819469700fe2cd94f44a7c218a84e40cda16dd2e7e5238cbdef33e6153d536 31.46MB / 41.58MB 14.7s
#13 sha256:8bced5e73fb1b22956eb96aa1bc19c36c9b5a420969f487274ef92f847b1b0c2 42.99MB / 47.57MB 15.9s
#13 ...

#12 [build 1/6] FROM docker.io/library/maven:3.9-eclipse-temurin-17@sha256:1ed5d1f54416b706707b4f3238f63a20bb06aab27c6d240090a2bb9ad895ed45
#12 sha256:ea758b4efc71ae53080af6cc138051ce41323d02ef8f6b8d608333f1cc0bb9ec 9.36MB / 9.36MB 5.2s done
#12 sha256:3ced0acbc5624f439eb8f87ed60e45cdc4ebb749a6de89969a51281b2f45161b 16.78MB / 24.95MB 9.6s
#12 sha256:ff60c01d6889193a0f24bca2946740245f2d6bd784cef77660e9d87084214461 2.28kB / 2.28kB 0.4s done
#12 sha256:e384d946f21da27e674320d8ea039bcee75cf705f85bcac60ed825a44abfecb1 160B / 160B 0.3s done
#12 sha256:4afdce63e74a6c27b6f610adcbdde197d8bf476f36ef57f55e7e7231eff51f36 11.53MB / 145.91MB 6.8s
#12 ...

#13 [runtime 1/4] FROM docker.io/library/eclipse-temurin:17-jre@sha256:92999aea37688157a53a40bfcb187c30f317422e028045fd5fc5c548fde9e626
#13 sha256:ed819469700fe2cd94f44a7c218a84e40cda16dd2e7e5238cbdef33e6153d536 33.55MB / 41.58MB 15.8s
#13 sha256:ed819469700fe2cd94f44a7c218a84e40cda16dd2e7e5238cbdef33e6153d536 35.65MB / 41.58MB 16.7s
#13 sha256:ed819469700fe2cd94f44a7c218a84e40cda16dd2e7e5238cbdef33e6153d536 37.75MB / 41.58MB 17.4s
#13 sha256:ed819469700fe2cd94f44a7c218a84e40cda16dd2e7e5238cbdef33e6153d536 39.85MB / 41.58MB 19.1s
#13 sha256:8bced5e73fb1b22956eb96aa1bc19c36c9b5a420969f487274ef92f847b1b0c2 46.14MB / 47.57MB 21.3s
#13 sha256:ed819469700fe2cd94f44a7c218a84e40cda16dd2e7e5238cbdef33e6153d536 41.58MB / 41.58MB 20.7s done
#13 extracting sha256:ed819469700fe2cd94f44a7c218a84e40cda16dd2e7e5238cbdef33e6153d536
#13 sha256:8bced5e73fb1b22956eb96aa1bc19c36c9b5a420969f487274ef92f847b1b0c2 47.57MB / 47.57MB 23.6s done
#13 ...

#12 [build 1/6] FROM docker.io/library/maven:3.9-eclipse-temurin-17@sha256:1ed5d1f54416b706707b4f3238f63a20bb06aab27c6d240090a2bb9ad895ed45
#12 sha256:3ced0acbc5624f439eb8f87ed60e45cdc4ebb749a6de89969a51281b2f45161b 24.95MB / 24.95MB 16.4s
#12 sha256:4afdce63e74a6c27b6f610adcbdde197d8bf476f36ef57f55e7e7231eff51f36 23.07MB / 145.91MB 15.5s
#12 sha256:d628cb78b78ccaf117046dd7d917944fb59da4b40fd70c24c1e36ac9361aa3f3 3.15MB / 22.93MB 3.5s
#12 sha256:ca2678b20700c15185707964d9211b1a6406196114bf675f568b6025d37b3888 2.10MB / 29.74MB 1.8s
#12 sha256:ca2678b20700c15185707964d9211b1a6406196114bf675f568b6025d37b3888 4.19MB / 29.74MB 3.5s
#12 sha256:d628cb78b78ccaf117046dd7d917944fb59da4b40fd70c24c1e36ac9361aa3f3 5.24MB / 22.93MB 5.3s
#12 sha256:ca2678b20700c15185707964d9211b1a6406196114bf675f568b6025d37b3888 6.29MB / 29.74MB 4.5s
#12 sha256:d628cb78b78ccaf117046dd7d917944fb59da4b40fd70c24c1e36ac9361aa3f3 7.34MB / 22.93MB 6.6s
#12 sha256:ca2678b20700c15185707964d9211b1a6406196114bf675f568b6025d37b3888 8.39MB / 29.74MB 5.0s
#12 sha256:ca2678b20700c15185707964d9211b1a6406196114bf675f568b6025d37b3888 10.49MB / 29.74MB 6.2s
#12 sha256:d628cb78b78ccaf117046dd7d917944fb59da4b40fd70c24c1e36ac9361aa3f3 9.44MB / 22.93MB 8.0s
#12 sha256:4afdce63e74a6c27b6f610adcbdde197d8bf476f36ef57f55e7e7231eff51f36 30.41MB / 145.91MB 20.1s
#12 sha256:ca2678b20700c15185707964d9211b1a6406196114bf675f568b6025d37b3888 12.58MB / 29.74MB 6.8s
#12 sha256:d628cb78b78ccaf117046dd7d917944fb59da4b40fd70c24c1e36ac9361aa3f3 11.53MB / 22.93MB 8.6s
#12 ...

#13 [runtime 1/4] FROM docker.io/library/eclipse-temurin:17-jre@sha256:92999aea37688157a53a40bfcb187c30f317422e028045fd5fc5c548fde9e626
#13 extracting sha256:ed819469700fe2cd94f44a7c218a84e40cda16dd2e7e5238cbdef33e6153d536 8.7s done
#13 extracting sha256:a3679419df184857c0d317d7cdaad6187f6c0f0b68dd2ed58becf174e28f4c1b
#13 extracting sha256:a3679419df184857c0d317d7cdaad6187f6c0f0b68dd2ed58becf174e28f4c1b 0.1s done
#13 extracting sha256:7d65f5f1479f861859edc72a46c18ab2b6ff2bd34d80ef9f641712eae9e8a9c8
#13 extracting sha256:7d65f5f1479f861859edc72a46c18ab2b6ff2bd34d80ef9f641712eae9e8a9c8 3.0s done
#13 extracting sha256:8bced5e73fb1b22956eb96aa1bc19c36c9b5a420969f487274ef92f847b1b0c2
#13 ...

#12 [build 1/6] FROM docker.io/library/maven:3.9-eclipse-temurin-17@sha256:1ed5d1f54416b706707b4f3238f63a20bb06aab27c6d240090a2bb9ad895ed45
#12 sha256:4afdce63e74a6c27b6f610adcbdde197d8bf476f36ef57f55e7e7231eff51f36 40.89MB / 145.91MB 26.6s
#12 sha256:d628cb78b78ccaf117046dd7d917944fb59da4b40fd70c24c1e36ac9361aa3f3 19.92MB / 22.93MB 14.6s
#12 sha256:ca2678b20700c15185707964d9211b1a6406196114bf675f568b6025d37b3888 26.21MB / 29.74MB 12.9s
#12 sha256:ca2678b20700c15185707964d9211b1a6406196114bf675f568b6025d37b3888 28.31MB / 29.74MB 13.8s
#12 sha256:d628cb78b78ccaf117046dd7d917944fb59da4b40fd70c24c1e36ac9361aa3f3 22.02MB / 22.93MB 15.6s
#12 sha256:ca2678b20700c15185707964d9211b1a6406196114bf675f568b6025d37b3888 29.74MB / 29.74MB 14.3s done
#12 sha256:d628cb78b78ccaf117046dd7d917944fb59da4b40fd70c24c1e36ac9361aa3f3 22.93MB / 22.93MB 16.0s done
#12 extracting sha256:ca2678b20700c15185707964d9211b1a6406196114bf675f568b6025d37b3888
#12 ...

#13 [runtime 1/4] FROM docker.io/library/eclipse-temurin:17-jre@sha256:92999aea37688157a53a40bfcb187c30f317422e028045fd5fc5c548fde9e626
#13 extracting sha256:8bced5e73fb1b22956eb96aa1bc19c36c9b5a420969f487274ef92f847b1b0c2 4.5s done
#13 extracting sha256:fbac163eaafde74c3da742469a97741c4778d60068e9db627322f0634099c0dd 0.2s done
#13 DONE 38.9s

#12 [build 1/6] FROM docker.io/library/maven:3.9-eclipse-temurin-17@sha256:1ed5d1f54416b706707b4f3238f63a20bb06aab27c6d240090a2bb9ad895ed45
#12 ...

#13 [runtime 1/4] FROM docker.io/library/eclipse-temurin:17-jre@sha256:92999aea37688157a53a40bfcb187c30f317422e028045fd5fc5c548fde9e626
#13 extracting sha256:d9d09586b42e6ca2daf5bc6997c79b6544c8ab6968007bf6d45461244e0a8f6d 0.1s done
#13 DONE 38.9s

#12 [build 1/6] FROM docker.io/library/maven:3.9-eclipse-temurin-17@sha256:1ed5d1f54416b706707b4f3238f63a20bb06aab27c6d240090a2bb9ad895ed45
#12 sha256:4afdce63e74a6c27b6f610adcbdde197d8bf476f36ef57f55e7e7231eff51f36 48.23MB / 145.91MB 29.4s
#12 sha256:4afdce63e74a6c27b6f610adcbdde197d8bf476f36ef57f55e7e7231eff51f36 55.57MB / 145.91MB 31.5s
#12 extracting sha256:ca2678b20700c15185707964d9211b1a6406196114bf675f568b6025d37b3888 4.6s done
#12 extracting sha256:d628cb78b78ccaf117046dd7d917944fb59da4b40fd70c24c1e36ac9361aa3f3
#12 sha256:4afdce63e74a6c27b6f610adcbdde197d8bf476f36ef57f55e7e7231eff51f36 62.91MB / 145.91MB 33.6s
#12 sha256:4afdce63e74a6c27b6f610adcbdde197d8bf476f36ef57f55e7e7231eff51f36 70.25MB / 145.91MB 36.6s
#12 extracting sha256:d628cb78b78ccaf117046dd7d917944fb59da4b40fd70c24c1e36ac9361aa3f3 3.9s done
#12 ...

#14 [runtime 2/4] RUN apt-get update     && apt-get install -y --no-install-recommends curl     && rm -rf /var/lib/apt/lists/*
#14 1.629 Get:1 http://archive.ubuntu.com/ubuntu resolute InRelease [136 kB]
#14 1.632 Get:2 http://security.ubuntu.com/ubuntu resolute-security InRelease [137 kB]
#14 2.856 Get:3 http://security.ubuntu.com/ubuntu resolute-security/universe amd64 Packages [185 kB]
#14 3.382 Get:4 http://archive.ubuntu.com/ubuntu resolute-updates InRelease [137 kB]
#14 3.698 Get:5 http://security.ubuntu.com/ubuntu resolute-security/main amd64 Packages [419 kB]
#14 4.063 Get:6 http://archive.ubuntu.com/ubuntu resolute-backports InRelease [136 kB]
#14 4.362 Get:7 http://archive.ubuntu.com/ubuntu resolute/universe amd64 Packages [20.1 MB]
#14 4.479 Get:8 http://security.ubuntu.com/ubuntu resolute-security/multiverse amd64 Packages [11.2 kB]
#14 4.498 Get:9 http://security.ubuntu.com/ubuntu resolute-security/restricted amd64 Packages [355 kB]
#14 ...

#12 [build 1/6] FROM docker.io/library/maven:3.9-eclipse-temurin-17@sha256:1ed5d1f54416b706707b4f3238f63a20bb06aab27c6d240090a2bb9ad895ed45
#12 sha256:4afdce63e74a6c27b6f610adcbdde197d8bf476f36ef57f55e7e7231eff51f36 77.59MB / 145.91MB 39.3s
#12 sha256:4afdce63e74a6c27b6f610adcbdde197d8bf476f36ef57f55e7e7231eff51f36 84.93MB / 145.91MB 41.4s
#12 sha256:4afdce63e74a6c27b6f610adcbdde197d8bf476f36ef57f55e7e7231eff51f36 92.27MB / 145.91MB 43.5s
#12 sha256:4afdce63e74a6c27b6f610adcbdde197d8bf476f36ef57f55e7e7231eff51f36 99.61MB / 145.91MB 45.1s
#12 sha256:4afdce63e74a6c27b6f610adcbdde197d8bf476f36ef57f55e7e7231eff51f36 106.95MB / 145.91MB 46.8s
#12 sha256:4afdce63e74a6c27b6f610adcbdde197d8bf476f36ef57f55e7e7231eff51f36 114.29MB / 145.91MB 48.6s
#12 ...

#14 [runtime 2/4] RUN apt-get update     && apt-get install -y --no-install-recommends curl     && rm -rf /var/lib/apt/lists/*
#14 12.06 Get:10 http://archive.ubuntu.com/ubuntu resolute/multiverse amd64 Packages [352 kB]
#14 12.24 Get:11 http://archive.ubuntu.com/ubuntu resolute/main amd64 Packages [1,874 kB]
#14 13.08 Get:12 http://archive.ubuntu.com/ubuntu resolute/restricted amd64 Packages [189 kB]
#14 13.16 Get:13 http://archive.ubuntu.com/ubuntu resolute-updates/universe amd64 Packages [279 kB]
#14 13.25 Get:14 http://archive.ubuntu.com/ubuntu resolute-updates/restricted amd64 Packages [368 kB]
#14 13.32 Get:15 http://archive.ubuntu.com/ubuntu resolute-updates/multiverse amd64 Packages [13.4 kB]
#14 13.33 Get:16 http://archive.ubuntu.com/ubuntu resolute-updates/main amd64 Packages [497 kB]
#14 13.51 Get:17 http://archive.ubuntu.com/ubuntu resolute-backports/universe amd64 Packages [567 B]
#14 15.12 Fetched 25.2 MB in 14s (1,754 kB/s)
#14 15.12 Reading package lists...
#14 19.33 Reading package lists...
#14 ...

#12 [build 1/6] FROM docker.io/library/maven:3.9-eclipse-temurin-17@sha256:1ed5d1f54416b706707b4f3238f63a20bb06aab27c6d240090a2bb9ad895ed45
#12 sha256:4afdce63e74a6c27b6f610adcbdde197d8bf476f36ef57f55e7e7231eff51f36 121.63MB / 145.91MB 51.6s
#12 sha256:4afdce63e74a6c27b6f610adcbdde197d8bf476f36ef57f55e7e7231eff51f36 128.97MB / 145.91MB 53.4s
#12 sha256:4afdce63e74a6c27b6f610adcbdde197d8bf476f36ef57f55e7e7231eff51f36 136.31MB / 145.91MB 55.6s
#12 ...

#14 [runtime 2/4] RUN apt-get update     && apt-get install -y --no-install-recommends curl     && rm -rf /var/lib/apt/lists/*
#14 19.33 Reading package lists...
#14 23.10 Building dependency tree...
#14 23.99 Reading state information...
#14 24.21 curl is already the newest version (8.18.0-1ubuntu2.3).
#14 24.21 Solving dependencies...
#14 25.50 0 upgraded, 0 newly installed, 0 to remove and 16 not upgraded.
#14 DONE 27.6s

#12 [build 1/6] FROM docker.io/library/maven:3.9-eclipse-temurin-17@sha256:1ed5d1f54416b706707b4f3238f63a20bb06aab27c6d240090a2bb9ad895ed45
#12 ...

#15 [runtime 3/4] WORKDIR /app
#15 DONE 0.3s

#12 [build 1/6] FROM docker.io/library/maven:3.9-eclipse-temurin-17@sha256:1ed5d1f54416b706707b4f3238f63a20bb06aab27c6d240090a2bb9ad895ed45
#12 sha256:4afdce63e74a6c27b6f610adcbdde197d8bf476f36ef57f55e7e7231eff51f36 144.70MB / 145.91MB 57.0s
#12 sha256:4afdce63e74a6c27b6f610adcbdde197d8bf476f36ef57f55e7e7231eff51f36 145.91MB / 145.91MB 57.2s done
#12 extracting sha256:4afdce63e74a6c27b6f610adcbdde197d8bf476f36ef57f55e7e7231eff51f36
#12 extracting sha256:4afdce63e74a6c27b6f610adcbdde197d8bf476f36ef57f55e7e7231eff51f36 14.3s done
#12 DONE 81.6s

#12 [build 1/6] FROM docker.io/library/maven:3.9-eclipse-temurin-17@sha256:1ed5d1f54416b706707b4f3238f63a20bb06aab27c6d240090a2bb9ad895ed45
#12 extracting sha256:e384d946f21da27e674320d8ea039bcee75cf705f85bcac60ed825a44abfecb1
#12 extracting sha256:e384d946f21da27e674320d8ea039bcee75cf705f85bcac60ed825a44abfecb1 0.2s done
#12 DONE 81.8s

#12 [build 1/6] FROM docker.io/library/maven:3.9-eclipse-temurin-17@sha256:1ed5d1f54416b706707b4f3238f63a20bb06aab27c6d240090a2bb9ad895ed45
#12 extracting sha256:ff60c01d6889193a0f24bca2946740245f2d6bd784cef77660e9d87084214461 0.2s done
#12 DONE 82.0s

#12 [build 1/6] FROM docker.io/library/maven:3.9-eclipse-temurin-17@sha256:1ed5d1f54416b706707b4f3238f63a20bb06aab27c6d240090a2bb9ad895ed45
#12 extracting sha256:3ced0acbc5624f439eb8f87ed60e45cdc4ebb749a6de89969a51281b2f45161b
#12 extracting sha256:3ced0acbc5624f439eb8f87ed60e45cdc4ebb749a6de89969a51281b2f45161b 4.3s done
#12 DONE 86.3s

#12 [build 1/6] FROM docker.io/library/maven:3.9-eclipse-temurin-17@sha256:1ed5d1f54416b706707b4f3238f63a20bb06aab27c6d240090a2bb9ad895ed45
#12 extracting sha256:ea758b4efc71ae53080af6cc138051ce41323d02ef8f6b8d608333f1cc0bb9ec
#12 extracting sha256:ea758b4efc71ae53080af6cc138051ce41323d02ef8f6b8d608333f1cc0bb9ec 0.4s done
#12 DONE 86.6s

#12 [build 1/6] FROM docker.io/library/maven:3.9-eclipse-temurin-17@sha256:1ed5d1f54416b706707b4f3238f63a20bb06aab27c6d240090a2bb9ad895ed45
#12 extracting sha256:7c9aa0b5359a03eb887fe111346c1ab11045f6df3f417b888c1dbee33be59588 0.1s done
#12 extracting sha256:ae9054703ce2d33919a246158394238e195beb10b204645f5137595bce39b4be 0.1s done
#12 DONE 86.8s

#12 [build 1/6] FROM docker.io/library/maven:3.9-eclipse-temurin-17@sha256:1ed5d1f54416b706707b4f3238f63a20bb06aab27c6d240090a2bb9ad895ed45
#12 extracting sha256:6409aa88819b32ef3a17c8e9a873c2724a852f9414b957bc05f2c7f188369df4 0.1s done
#12 DONE 86.9s

#16 [build 2/6] WORKDIR /build
#16 DONE 1.1s

#17 [build 3/6] COPY pom.xml .
#17 DONE 0.2s

#18 [build 4/6] RUN mvn -B -q dependency:go-offline || true
#18 DONE 80.0s

#19 [build 5/6] COPY src ./src
#19 DONE 0.6s

#20 [build 6/6] RUN mvn -B clean package
#20 4.922 [INFO] Scanning for projects...
#20 5.414 [INFO] 
#20 5.416 [INFO] ------------------< com.thinking:ticket-reservation >-------------------
#20 5.416 [INFO] Building ticket-reservation 1.0.0
#20 5.417 [INFO]   from pom.xml
#20 5.417 [INFO] --------------------------------[ jar ]---------------------------------
#20 6.320 [INFO] Downloading from central: https://repo.maven.apache.org/maven2/org/jboss/logging/jboss-logging/3.5.3.Final/jboss-logging-3.5.3.Final.pom
#20 6.690 [INFO] Downloaded from central: https://repo.maven.apache.org/maven2/org/jboss/logging/jboss-logging/3.5.3.Final/jboss-logging-3.5.3.Final.pom (19 kB at 50 kB/s)
#20 6.718 [INFO] Downloading from central: https://repo.maven.apache.org/maven2/org/jboss/logging/logging-parent/1.0.1.Final/logging-parent-1.0.1.Final.pom
#20 6.750 [INFO] Downloaded from central: https://repo.maven.apache.org/maven2/org/jboss/logging/logging-parent/1.0.1.Final/logging-parent-1.0.1.Final.pom (6.0 kB at 186 kB/s)
#20 6.797 [INFO] Downloading from central: https://repo.maven.apache.org/maven2/com/fasterxml/classmate/1.7.0/classmate-1.7.0.pom
#20 6.826 [INFO] Downloaded from central: https://repo.maven.apache.org/maven2/com/fasterxml/classmate/1.7.0/classmate-1.7.0.pom (7.0 kB at 243 kB/s)
#20 6.842 [INFO] Downloading from central: https://repo.maven.apache.org/maven2/net/bytebuddy/byte-buddy/1.14.19/byte-buddy-1.14.19.pom
#20 6.873 [INFO] Downloaded from central: https://repo.maven.apache.org/maven2/net/bytebuddy/byte-buddy/1.14.19/byte-buddy-1.14.19.pom (16 kB at 497 kB/s)
#20 6.884 [INFO] Downloading from central: https://repo.maven.apache.org/maven2/net/bytebuddy/byte-buddy-parent/1.14.19/byte-buddy-parent-1.14.19.pom
#20 6.925 [INFO] Downloaded from central: https://repo.maven.apache.org/maven2/net/bytebuddy/byte-buddy-parent/1.14.19/byte-buddy-parent-1.14.19.pom (62 kB at 1.5 MB/s)
#20 6.941 [INFO] Downloading from central: https://repo.maven.apache.org/maven2/jakarta/xml/bind/jakarta.xml.bind-api/4.0.2/jakarta.xml.bind-api-4.0.2.pom
#20 6.973 [INFO] Downloaded from central: https://repo.maven.apache.org/maven2/jakarta/xml/bind/jakarta.xml.bind-api/4.0.2/jakarta.xml.bind-api-4.0.2.pom (13 kB at 398 kB/s)
#20 6.991 [INFO] Downloading from central: https://repo.maven.apache.org/maven2/jakarta/xml/bind/jakarta.xml.bind-api-parent/4.0.2/jakarta.xml.bind-api-parent-4.0.2.pom
#20 7.035 [INFO] Downloaded from central: https://repo.maven.apache.org/maven2/jakarta/xml/bind/jakarta.xml.bind-api-parent/4.0.2/jakarta.xml.bind-api-parent-4.0.2.pom (9.1 kB at 208 kB/s)
#20 7.052 [INFO] Downloading from central: https://repo.maven.apache.org/maven2/jakarta/activation/jakarta.activation-api/2.1.3/jakarta.activation-api-2.1.3.pom
#20 7.090 [INFO] Downloaded from central: https://repo.maven.apache.org/maven2/jakarta/activation/jakarta.activation-api/2.1.3/jakarta.activation-api-2.1.3.pom (19 kB at 500 kB/s)
#20 7.101 [INFO] Downloading from central: https://repo.maven.apache.org/maven2/org/glassfish/jaxb/jaxb-runtime/4.0.5/jaxb-runtime-4.0.5.pom
#20 7.131 [INFO] Downloaded from central: https://repo.maven.apache.org/maven2/org/glassfish/jaxb/jaxb-runtime/4.0.5/jaxb-runtime-4.0.5.pom (11 kB at 349 kB/s)
#20 7.138 [INFO] Downloading from central: https://repo.maven.apache.org/maven2/com/sun/xml/bind/mvn/jaxb-runtime-parent/4.0.5/jaxb-runtime-parent-4.0.5.pom
#20 7.167 [INFO] Downloaded from central: https://repo.maven.apache.org/maven2/com/sun/xml/bind/mvn/jaxb-runtime-parent/4.0.5/jaxb-runtime-parent-4.0.5.pom (1.2 kB at 40 kB/s)
#20 7.176 [INFO] Downloading from central: https://repo.maven.apache.org/maven2/com/sun/xml/bind/mvn/jaxb-parent/4.0.5/jaxb-parent-4.0.5.pom
#20 7.216 [INFO] Downloaded from central: https://repo.maven.apache.org/maven2/com/sun/xml/bind/mvn/jaxb-parent/4.0.5/jaxb-parent-4.0.5.pom (35 kB at 854 kB/s)
#20 7.223 [INFO] Downloading from central: https://repo.maven.apache.org/maven2/com/sun/xml/bind/jaxb-bom-ext/4.0.5/jaxb-bom-ext-4.0.5.pom
#20 7.247 [INFO] Downloaded from central: https://repo.maven.apache.org/maven2/com/sun/xml/bind/jaxb-bom-ext/4.0.5/jaxb-bom-ext-4.0.5.pom (3.5 kB at 151 kB/s)
#20 7.259 [INFO] Downloading from central: https://repo.maven.apache.org/maven2/org/glassfish/jaxb/jaxb-core/4.0.5/jaxb-core-4.0.5.pom
#20 7.282 [INFO] Downloaded from central: https://repo.maven.apache.org/maven2/org/glassfish/jaxb/jaxb-core/4.0.5/jaxb-core-4.0.5.pom (3.7 kB at 162 kB/s)
#20 7.293 [INFO] Downloading from central: https://repo.maven.apache.org/maven2/org/eclipse/angus/angus-activation/2.0.2/angus-activation-2.0.2.pom
#20 7.323 [INFO] Downloaded from central: https://repo.maven.apache.org/maven2/org/eclipse/angus/angus-activation/2.0.2/angus-activation-2.0.2.pom (4.0 kB at 129 kB/s)
#20 7.330 [INFO] Downloading from central: https://repo.maven.apache.org/maven2/org/eclipse/angus/angus-activation-project/2.0.2/angus-activation-project-2.0.2.pom
#20 7.357 [INFO] Downloaded from central: https://repo.maven.apache.org/maven2/org/eclipse/angus/angus-activation-project/2.0.2/angus-activation-project-2.0.2.pom (21 kB at 803 kB/s)
#20 7.371 [INFO] Downloading from central: https://repo.maven.apache.org/maven2/org/glassfish/jaxb/txw2/4.0.5/txw2-4.0.5.pom
#20 7.396 [INFO] Downloaded from central: https://repo.maven.apache.org/maven2/org/glassfish/jaxb/txw2/4.0.5/txw2-4.0.5.pom (1.8 kB at 71 kB/s)
#20 7.402 [INFO] Downloading from central: https://repo.maven.apache.org/maven2/com/sun/xml/bind/mvn/jaxb-txw-parent/4.0.5/jaxb-txw-parent-4.0.5.pom
#20 7.426 [INFO] Downloaded from central: https://repo.maven.apache.org/maven2/com/sun/xml/bind/mvn/jaxb-txw-parent/4.0.5/jaxb-txw-parent-4.0.5.pom (1.2 kB at 52 kB/s)
#20 7.434 [INFO] Downloading from central: https://repo.maven.apache.org/maven2/com/sun/istack/istack-commons-runtime/4.1.2/istack-commons-runtime-4.1.2.pom
#20 7.456 [INFO] Downloaded from central: https://repo.maven.apache.org/maven2/com/sun/istack/istack-commons-runtime/4.1.2/istack-commons-runtime-4.1.2.pom (1.6 kB at 70 kB/s)
#20 7.462 [INFO] Downloading from central: https://repo.maven.apache.org/maven2/com/sun/istack/istack-commons/4.1.2/istack-commons-4.1.2.pom
#20 7.491 [INFO] Downloaded from central: https://repo.maven.apache.org/maven2/com/sun/istack/istack-commons/4.1.2/istack-commons-4.1.2.pom (26 kB at 939 kB/s)
#20 7.612 [INFO] Downloading from central: https://repo.maven.apache.org/maven2/io/cucumber/messages/maven-metadata.xml
#20 7.722 [INFO] Downloaded from central: https://repo.maven.apache.org/maven2/io/cucumber/messages/maven-metadata.xml (3.6 kB at 32 kB/s)
#20 7.734 [INFO] Downloading from central: https://repo.maven.apache.org/maven2/io/cucumber/messages/19.1.4/messages-19.1.4.pom
#20 7.755 [INFO] Downloaded from central: https://repo.maven.apache.org/maven2/io/cucumber/messages/19.1.4/messages-19.1.4.pom (4.1 kB at 185 kB/s)
#20 7.761 [INFO] Downloading from central: https://repo.maven.apache.org/maven2/io/cucumber/cucumber-parent/3.0.0/cucumber-parent-3.0.0.pom
#20 7.793 [INFO] Downloaded from central: https://repo.maven.apache.org/maven2/io/cucumber/cucumber-parent/3.0.0/cucumber-parent-3.0.0.pom (22 kB at 680 kB/s)
#20 7.821 [INFO] Downloading from central: https://repo.maven.apache.org/maven2/io/cucumber/messages/20.0.0/messages-20.0.0.pom
#20 7.845 [INFO] Downloaded from central: https://repo.maven.apache.org/maven2/io/cucumber/messages/20.0.0/messages-20.0.0.pom (4.2 kB at 175 kB/s)
#20 7.851 [INFO] Downloading from central: https://repo.maven.apache.org/maven2/io/cucumber/cucumber-parent/4.1.1/cucumber-parent-4.1.1.pom
#20 7.873 [INFO] Downloaded from central: https://repo.maven.apache.org/maven2/io/cucumber/cucumber-parent/4.1.1/cucumber-parent-4.1.1.pom (21 kB at 955 kB/s)
#20 7.879 [INFO] Downloading from central: https://repo.maven.apache.org/maven2/com/fasterxml/jackson/jackson-bom/2.14.0/jackson-bom-2.14.0.pom
#20 7.902 [INFO] Downloaded from central: https://repo.maven.apache.org/maven2/com/fasterxml/jackson/jackson-bom/2.14.0/jackson-bom-2.14.0.pom (17 kB at 760 kB/s)
#20 7.912 [INFO] Downloading from central: https://repo.maven.apache.org/maven2/io/cucumber/messages/21.0.1/messages-21.0.1.pom
#20 7.941 [INFO] Downloaded from central: https://repo.maven.apache.org/maven2/io/cucumber/messages/21.0.1/messages-21.0.1.pom (4.4 kB at 153 kB/s)
#20 7.954 [INFO] Downloading from central: https://repo.maven.apache.org/maven2/com/fasterxml/jackson/jackson-bom/2.14.1/jackson-bom-2.14.1.pom
#20 7.980 [INFO] Downloaded from central: https://repo.maven.apache.org/maven2/com/fasterxml/jackson/jackson-bom/2.14.1/jackson-bom-2.14.1.pom (17 kB at 648 kB/s)
#20 7.989 [INFO] Downloading from central: https://repo.maven.apache.org/maven2/io/cucumber/messages/22.0.0/messages-22.0.0.pom
#20 8.010 [INFO] Downloaded from central: https://repo.maven.apache.org/maven2/io/cucumber/messages/22.0.0/messages-22.0.0.pom (4.4 kB at 212 kB/s)
#20 8.015 [INFO] Downloading from central: https://repo.maven.apache.org/maven2/org/junit/junit-bom/5.9.2/junit-bom-5.9.2.pom
#20 8.037 [INFO] Downloaded from central: https://repo.maven.apache.org/maven2/org/junit/junit-bom/5.9.2/junit-bom-5.9.2.pom (5.6 kB at 256 kB/s)
#20 8.045 [INFO] Downloading from central: https://repo.maven.apache.org/maven2/io/cucumber/messages/23.0.0/messages-23.0.0.pom
#20 8.067 [INFO] Downloaded from central: https://repo.maven.apache.org/maven2/io/cucumber/messages/23.0.0/messages-23.0.0.pom (4.4 kB at 212 kB/s)
#20 8.079 [INFO] Downloading from central: https://repo.maven.apache.org/maven2/com/fasterxml/jackson/jackson-bom/2.15.3/jackson-bom-2.15.3.pom
#20 8.105 [INFO] Downloaded from central: https://repo.maven.apache.org/maven2/com/fasterxml/jackson/jackson-bom/2.15.3/jackson-bom-2.15.3.pom (18 kB at 666 kB/s)
#20 8.117 [INFO] Downloading from central: https://repo.maven.apache.org/maven2/io/cucumber/messages/24.0.0/messages-24.0.0.pom
#20 8.142 [INFO] Downloaded from central: https://repo.maven.apache.org/maven2/io/cucumber/messages/24.0.0/messages-24.0.0.pom (4.4 kB at 178 kB/s)
#20 8.154 [INFO] Downloading from central: https://repo.maven.apache.org/maven2/com/fasterxml/jackson/jackson-bom/2.16.0/jackson-bom-2.16.0.pom
#20 8.178 [INFO] Downloaded from central: https://repo.maven.apache.org/maven2/com/fasterxml/jackson/jackson-bom/2.16.0/jackson-bom-2.16.0.pom (18 kB at 793 kB/s)
#20 8.187 [INFO] Downloading from central: https://repo.maven.apache.org/maven2/io/cucumber/messages/24.0.1/messages-24.0.1.pom
#20 8.208 [INFO] Downloaded from central: https://repo.maven.apache.org/maven2/io/cucumber/messages/24.0.1/messages-24.0.1.pom (4.4 kB at 211 kB/s)
#20 8.229 [INFO] Downloading from central: https://repo.maven.apache.org/maven2/io/cucumber/query/maven-metadata.xml
#20 8.251 [INFO] Downloaded from central: https://repo.maven.apache.org/maven2/io/cucumber/query/maven-metadata.xml (1.2 kB at 56 kB/s)
#20 8.272 [INFO] Downloading from central: https://repo.maven.apache.org/maven2/io/cucumber/messages/18.0.0/messages-18.0.0.pom
#20 8.300 [INFO] Downloaded from central: https://repo.maven.apache.org/maven2/io/cucumber/messages/18.0.0/messages-18.0.0.pom (4.0 kB at 144 kB/s)
#20 8.313 [INFO] Downloading from central: https://repo.maven.apache.org/maven2/io/cucumber/cucumber-parent/2.3.2/cucumber-parent-2.3.2.pom
#20 8.336 [INFO] Downloaded from central: https://repo.maven.apache.org/maven2/io/cucumber/cucumber-parent/2.3.2/cucumber-parent-2.3.2.pom (22 kB at 946 kB/s)
#20 8.343 [INFO] Downloading from central: https://repo.maven.apache.org/maven2/com/fasterxml/jackson/jackson-bom/2.13.2/jackson-bom-2.13.2.pom
#20 8.365 [INFO] Downloaded from central: https://repo.maven.apache.org/maven2/com/fasterxml/jackson/jackson-bom/2.13.2/jackson-bom-2.13.2.pom (17 kB at 755 kB/s)
#20 8.374 [INFO] Downloading from central: https://repo.maven.apache.org/maven2/io/cucumber/messages/19.0.0/messages-19.0.0.pom
#20 8.401 [INFO] Downloaded from central: https://repo.maven.apache.org/maven2/io/cucumber/messages/19.0.0/messages-19.0.0.pom (4.1 kB at 145 kB/s)
#20 8.408 [INFO] Downloading from central: https://repo.maven.apache.org/maven2/com/fasterxml/jackson/jackson-bom/2.13.3/jackson-bom-2.13.3.pom
#20 8.432 [INFO] Downloaded from central: https://repo.maven.apache.org/maven2/com/fasterxml/jackson/jackson-bom/2.13.3/jackson-bom-2.13.3.pom (17 kB at 694 kB/s)
#20 8.467 [INFO] Downloading from central: https://repo.maven.apache.org/maven2/io/cucumber/messages/19.1.0/messages-19.1.0.pom
#20 8.494 [INFO] Downloaded from central: https://repo.maven.apache.org/maven2/io/cucumber/messages/19.1.0/messages-19.1.0.pom (4.1 kB at 156 kB/s)
#20 8.503 [INFO] Downloading from central: https://repo.maven.apache.org/maven2/io/cucumber/messages/19.1.1/messages-19.1.1.pom
#20 8.535 [INFO] Downloaded from central: https://repo.maven.apache.org/maven2/io/cucumber/messages/19.1.1/messages-19.1.1.pom (4.1 kB at 131 kB/s)
#20 8.549 [INFO] Downloading from central: https://repo.maven.apache.org/maven2/io/cucumber/messages/19.1.2/messages-19.1.2.pom
#20 8.577 [INFO] Downloaded from central: https://repo.maven.apache.org/maven2/io/cucumber/messages/19.1.2/messages-19.1.2.pom (4.1 kB at 145 kB/s)
#20 8.585 [INFO] Downloading from central: https://repo.maven.apache.org/maven2/io/cucumber/messages/19.1.3/messages-19.1.3.pom
#20 8.609 [INFO] Downloaded from central: https://repo.maven.apache.org/maven2/io/cucumber/messages/19.1.3/messages-19.1.3.pom (4.1 kB at 169 kB/s)
#20 8.615 [INFO] Downloading from central: https://repo.maven.apache.org/maven2/org/junit/junit-bom/5.9.0/junit-bom-5.9.0.pom
#20 8.635 [INFO] Downloaded from central: https://repo.maven.apache.org/maven2/org/junit/junit-bom/5.9.0/junit-bom-5.9.0.pom (5.6 kB at 282 kB/s)
#20 8.774 [INFO] Downloading from central: https://repo.maven.apache.org/maven2/org/jboss/logging/jboss-logging/3.5.3.Final/jboss-logging-3.5.3.Final.jar
#20 8.810 [INFO] Downloaded from central: https://repo.maven.apache.org/maven2/org/jboss/logging/jboss-logging/3.5.3.Final/jboss-logging-3.5.3.Final.jar (59 kB at 1.6 MB/s)
#20 8.812 [INFO] Downloading from central: https://repo.maven.apache.org/maven2/com/fasterxml/classmate/1.7.0/classmate-1.7.0.jar
#20 8.816 [INFO] Downloading from central: https://repo.maven.apache.org/maven2/jakarta/xml/bind/jakarta.xml.bind-api/4.0.2/jakarta.xml.bind-api-4.0.2.jar
#20 8.821 [INFO] Downloading from central: https://repo.maven.apache.org/maven2/jakarta/activation/jakarta.activation-api/2.1.3/jakarta.activation-api-2.1.3.jar
#20 8.823 [INFO] Downloading from central: https://repo.maven.apache.org/maven2/org/glassfish/jaxb/jaxb-runtime/4.0.5/jaxb-runtime-4.0.5.jar
#20 8.827 [INFO] Downloading from central: https://repo.maven.apache.org/maven2/org/glassfish/jaxb/jaxb-core/4.0.5/jaxb-core-4.0.5.jar
#20 8.873 [INFO] Downloaded from central: https://repo.maven.apache.org/maven2/com/fasterxml/classmate/1.7.0/classmate-1.7.0.jar (69 kB at 1.1 MB/s)
#20 8.874 [INFO] Downloading from central: https://repo.maven.apache.org/maven2/org/eclipse/angus/angus-activation/2.0.2/angus-activation-2.0.2.jar
#20 8.913 [INFO] Downloaded from central: https://repo.maven.apache.org/maven2/org/eclipse/angus/angus-activation/2.0.2/angus-activation-2.0.2.jar (27 kB at 307 kB/s)
#20 8.913 [INFO] Downloading from central: https://repo.maven.apache.org/maven2/org/glassfish/jaxb/txw2/4.0.5/txw2-4.0.5.jar
#20 8.970 [INFO] Downloaded from central: https://repo.maven.apache.org/maven2/jakarta/xml/bind/jakarta.xml.bind-api/4.0.2/jakarta.xml.bind-api-4.0.2.jar (131 kB at 829 kB/s)
#20 8.973 [INFO] Downloaded from central: https://repo.maven.apache.org/maven2/org/glassfish/jaxb/txw2/4.0.5/txw2-4.0.5.jar (73 kB at 505 kB/s)
#20 8.973 [INFO] Downloading from central: https://repo.maven.apache.org/maven2/com/sun/istack/istack-commons-runtime/4.1.2/istack-commons-runtime-4.1.2.jar
#20 8.973 [INFO] Downloading from central: https://repo.maven.apache.org/maven2/org/slf4j/slf4j-api/2.0.16/slf4j-api-2.0.16.jar
#20 8.974 [INFO] Downloaded from central: https://repo.maven.apache.org/maven2/jakarta/activation/jakarta.activation-api/2.1.3/jakarta.activation-api-2.1.3.jar (67 kB at 421 kB/s)
#20 8.974 [INFO] Downloading from central: https://repo.maven.apache.org/maven2/net/bytebuddy/byte-buddy/1.14.19/byte-buddy-1.14.19.jar
#20 8.994 [INFO] Downloaded from central: https://repo.maven.apache.org/maven2/org/glassfish/jaxb/jaxb-core/4.0.5/jaxb-core-4.0.5.jar (139 kB at 806 kB/s)
#20 9.033 [INFO] Downloaded from central: https://repo.maven.apache.org/maven2/org/slf4j/slf4j-api/2.0.16/slf4j-api-2.0.16.jar (69 kB at 334 kB/s)
#20 9.182 [INFO] Downloaded from central: https://repo.maven.apache.org/maven2/org/glassfish/jaxb/jaxb-runtime/4.0.5/jaxb-runtime-4.0.5.jar (920 kB at 2.5 MB/s)
#20 9.225 [INFO] Downloaded from central: https://repo.maven.apache.org/maven2/com/sun/istack/istack-commons-runtime/4.1.2/istack-commons-runtime-4.1.2.jar (26 kB at 65 kB/s)
#20 9.675 [INFO] Downloaded from central: https://repo.maven.apache.org/maven2/net/bytebuddy/byte-buddy/1.14.19/byte-buddy-1.14.19.jar (4.2 MB at 5.0 MB/s)
#20 9.719 [INFO] 
#20 9.721 [INFO] --- clean:3.3.2:clean (default-clean) @ ticket-reservation ---
#20 9.807 [INFO] 
#20 9.807 [INFO] --- resources:3.3.1:resources (default-resources) @ ticket-reservation ---
#20 9.945 [INFO] Copying 1 resource from src/main/resources to target/classes
#20 9.970 [INFO] Copying 0 resource from src/main/resources to target/classes
#20 9.973 [INFO] 
#20 9.974 [INFO] --- compiler:3.13.0:compile (default-compile) @ ticket-reservation ---
#20 10.18 [INFO] Recompiling the module because of changed source code.
#20 10.19 [INFO] Compiling 26 source files with javac [debug parameters release 17] to target/classes
#20 11.73 [INFO] 
#20 11.73 [INFO] --- resources:3.3.1:testResources (default-testResources) @ ticket-reservation ---
#20 11.75 [INFO] Copying 2 resources from src/test/resources to target/test-classes
#20 11.75 [INFO] 
#20 11.75 [INFO] --- compiler:3.13.0:testCompile (default-testCompile) @ ticket-reservation ---
#20 11.77 [INFO] Recompiling the module because of changed dependency.
#20 11.78 [INFO] Compiling 5 source files with javac [debug parameters release 17] to target/test-classes
#20 12.72 [INFO] 
#20 12.72 [INFO] --- surefire:3.2.5:test (default-test) @ ticket-reservation ---
#20 13.06 [INFO] Using auto detected provider org.apache.maven.surefire.junitplatform.JUnitPlatformProvider
#20 13.08 [INFO] Downloading from central: https://repo.maven.apache.org/maven2/org/apache/maven/surefire/surefire-junit-platform/3.2.5/surefire-junit-platform-3.2.5.pom
#20 13.11 [INFO] Downloaded from central: https://repo.maven.apache.org/maven2/org/apache/maven/surefire/surefire-junit-platform/3.2.5/surefire-junit-platform-3.2.5.pom (4.7 kB at 167 kB/s)
#20 13.11 [INFO] Downloading from central: https://repo.maven.apache.org/maven2/org/apache/maven/surefire/surefire-providers/3.2.5/surefire-providers-3.2.5.pom
#20 13.14 [INFO] Downloaded from central: https://repo.maven.apache.org/maven2/org/apache/maven/surefire/surefire-providers/3.2.5/surefire-providers-3.2.5.pom (2.6 kB at 104 kB/s)
#20 13.15 [INFO] Downloading from central: https://repo.maven.apache.org/maven2/org/apache/maven/surefire/common-java5/3.2.5/common-java5-3.2.5.pom
#20 13.19 [INFO] Downloaded from central: https://repo.maven.apache.org/maven2/org/apache/maven/surefire/common-java5/3.2.5/common-java5-3.2.5.pom (2.8 kB at 94 kB/s)
#20 13.20 [INFO] Downloading from central: https://repo.maven.apache.org/maven2/org/junit/platform/junit-platform-launcher/1.9.3/junit-platform-launcher-1.9.3.pom
#20 13.23 [INFO] Downloaded from central: https://repo.maven.apache.org/maven2/org/junit/platform/junit-platform-launcher/1.9.3/junit-platform-launcher-1.9.3.pom (3.0 kB at 101 kB/s)
#20 13.23 [INFO] Downloading from central: https://repo.maven.apache.org/maven2/org/junit/platform/junit-platform-engine/1.9.3/junit-platform-engine-1.9.3.pom
#20 13.26 [INFO] Downloaded from central: https://repo.maven.apache.org/maven2/org/junit/platform/junit-platform-engine/1.9.3/junit-platform-engine-1.9.3.pom (3.2 kB at 123 kB/s)
#20 13.27 [INFO] Downloading from central: https://repo.maven.apache.org/maven2/org/opentest4j/opentest4j/1.2.0/opentest4j-1.2.0.pom
#20 13.29 [INFO] Downloaded from central: https://repo.maven.apache.org/maven2/org/opentest4j/opentest4j/1.2.0/opentest4j-1.2.0.pom (1.7 kB at 67 kB/s)
#20 13.30 [INFO] Downloading from central: https://repo.maven.apache.org/maven2/org/junit/platform/junit-platform-commons/1.9.3/junit-platform-commons-1.9.3.pom
#20 13.33 [INFO] Downloaded from central: https://repo.maven.apache.org/maven2/org/junit/platform/junit-platform-commons/1.9.3/junit-platform-commons-1.9.3.pom (2.8 kB at 94 kB/s)
#20 13.34 [INFO] Downloading from central: https://repo.maven.apache.org/maven2/org/apache/maven/surefire/surefire-junit-platform/3.2.5/surefire-junit-platform-3.2.5.jar
#20 13.37 [INFO] Downloaded from central: https://repo.maven.apache.org/maven2/org/apache/maven/surefire/surefire-junit-platform/3.2.5/surefire-junit-platform-3.2.5.jar (27 kB at 970 kB/s)
#20 13.37 [INFO] Downloading from central: https://repo.maven.apache.org/maven2/org/apache/maven/surefire/common-java5/3.2.5/common-java5-3.2.5.jar
#20 13.37 [INFO] Downloading from central: https://repo.maven.apache.org/maven2/org/junit/platform/junit-platform-launcher/1.9.3/junit-platform-launcher-1.9.3.jar
#20 13.37 [INFO] Downloading from central: https://repo.maven.apache.org/maven2/org/junit/platform/junit-platform-engine/1.9.3/junit-platform-engine-1.9.3.jar
#20 13.38 [INFO] Downloading from central: https://repo.maven.apache.org/maven2/org/opentest4j/opentest4j/1.2.0/opentest4j-1.2.0.jar
#20 13.38 [INFO] Downloading from central: https://repo.maven.apache.org/maven2/org/junit/platform/junit-platform-commons/1.9.3/junit-platform-commons-1.9.3.jar
#20 13.40 [INFO] Downloaded from central: https://repo.maven.apache.org/maven2/org/apache/maven/surefire/common-java5/3.2.5/common-java5-3.2.5.jar (18 kB at 605 kB/s)
#20 13.45 [INFO] Downloaded from central: https://repo.maven.apache.org/maven2/org/junit/platform/junit-platform-commons/1.9.3/junit-platform-commons-1.9.3.jar (103 kB at 1.5 MB/s)
#20 13.45 [INFO] Downloaded from central: https://repo.maven.apache.org/maven2/org/junit/platform/junit-platform-launcher/1.9.3/junit-platform-launcher-1.9.3.jar (169 kB at 2.1 MB/s)
#20 13.46 [INFO] Downloaded from central: https://repo.maven.apache.org/maven2/org/opentest4j/opentest4j/1.2.0/opentest4j-1.2.0.jar (7.7 kB at 91 kB/s)
#20 13.46 [INFO] Downloaded from central: https://repo.maven.apache.org/maven2/org/junit/platform/junit-platform-engine/1.9.3/junit-platform-engine-1.9.3.jar (189 kB at 2.1 MB/s)
#20 13.49 [INFO] 
#20 13.49 [INFO] -------------------------------------------------------
#20 13.49 [INFO]  T E S T S
#20 13.49 [INFO] -------------------------------------------------------
#20 14.60 [INFO] Running com.thinking.ticket.CucumberAcceptanceTest
#20 14.94 
#20 14.94 Scenario: 5만원 이상 티켓은 10% 할인된 금액이 청구된다        # features/new_requirements.feature:9
#20 14.94   Given 회원 저장소와 티켓 저장소가 비어 있다                # com.thinking.ticket.steps.TicketReservationSteps.저장소가_비어_있다()
#20 14.94   Given 회원 1이 등록되어 있다                        # com.thinking.ticket.steps.TicketReservationSteps.회원이_등록되어_있다(long)
#20 14.94   And 가격 50000원짜리 미예약 티켓 20이 있다              # com.thinking.ticket.steps.TicketReservationSteps.미예약_티켓이_있다(int,long)
#20 14.94   When 회원 1이 카드정보 "card-token"으로 티켓 20을 예매하면 # com.thinking.ticket.steps.TicketReservationSteps.예매하면(long,java.lang.String,long)
#20 15.02   Then 예매는 성공한다                              # com.thinking.ticket.steps.TicketReservationSteps.예매는_성공한다()
#20 15.02   And 티켓 20은 회원 1에게 예약된다                     # com.thinking.ticket.steps.TicketReservationSteps.티켓이_회원에게_예약된다(long,long)
#20 15.02   And 45000원이 청구된다                           # com.thinking.ticket.steps.TicketReservationSteps.금액이_청구된다(int)
#20 15.05 
#20 15.05 Scenario: 판매 중지된 티켓은 예매할 수 없고 결제도 일어나지 않는다   # features/new_requirements.feature:18
#20 15.05   Given 회원 저장소와 티켓 저장소가 비어 있다                # com.thinking.ticket.steps.TicketReservationSteps.저장소가_비어_있다()
#20 15.05   Given 회원 1이 등록되어 있다                        # com.thinking.ticket.steps.TicketReservationSteps.회원이_등록되어_있다(long)
#20 15.05   And 가격 30000원짜리 판매 중지된 티켓 20이 있다           # com.thinking.ticket.steps.TicketReservationSteps.판매_중지된_티켓이_있다(int,long)
#20 15.05   When 회원 1이 카드정보 "card-token"으로 티켓 20을 예매하면 # com.thinking.ticket.steps.TicketReservationSteps.예매하면(long,java.lang.String,long)
#20 15.05   Then 예매는 판매 중지로 거부된다                       # com.thinking.ticket.steps.TicketReservationSteps.판매_중지로_거부된다()
#20 15.06   And 결제는 청구되지 않는다                           # com.thinking.ticket.steps.TicketReservationSteps.결제는_청구되지_않는다()
#20 15.08 
#20 15.08 Scenario: 유효한 회원이 미예약 티켓을 예매하면 예약이 확정되고 결제가 청구된다 # features/ticket_reservation.feature:11
#20 15.08   Given 회원 저장소와 티켓 저장소가 비어 있다                    # com.thinking.ticket.steps.TicketReservationSteps.저장소가_비어_있다()
#20 15.08   Given 회원 1이 등록되어 있다                            # com.thinking.ticket.steps.TicketReservationSteps.회원이_등록되어_있다(long)
#20 15.08   And 가격 30000원짜리 미예약 티켓 20이 있다                  # com.thinking.ticket.steps.TicketReservationSteps.미예약_티켓이_있다(int,long)
#20 15.08   When 회원 1이 카드정보 "card-token"으로 티켓 20을 예매하면     # com.thinking.ticket.steps.TicketReservationSteps.예매하면(long,java.lang.String,long)
#20 15.08   Then 예매는 성공한다                                  # com.thinking.ticket.steps.TicketReservationSteps.예매는_성공한다()
#20 15.08   And 티켓 20은 회원 1에게 예약된다                         # com.thinking.ticket.steps.TicketReservationSteps.티켓이_회원에게_예약된다(long,long)
#20 15.08   And 30000원이 청구된다                               # com.thinking.ticket.steps.TicketReservationSteps.금액이_청구된다(int)
#20 15.10 
#20 15.10 Scenario: 등록되지 않은 회원은 예매할 수 없고 결제도 일어나지 않는다  # features/ticket_reservation.feature:19
#20 15.10   Given 회원 저장소와 티켓 저장소가 비어 있다                # com.thinking.ticket.steps.TicketReservationSteps.저장소가_비어_있다()
#20 15.10   Given 가격 30000원짜리 미예약 티켓 20이 있다            # com.thinking.ticket.steps.TicketReservationSteps.미예약_티켓이_있다(int,long)
#20 15.10   When 회원 1이 카드정보 "card-token"으로 티켓 20을 예매하면 # com.thinking.ticket.steps.TicketReservationSteps.예매하면(long,java.lang.String,long)
#20 15.10   Then 예매는 회원 없음으로 거부된다                      # com.thinking.ticket.steps.TicketReservationSteps.회원_없음으로_거부된다()
#20 15.10   And 결제는 청구되지 않는다                           # com.thinking.ticket.steps.TicketReservationSteps.결제는_청구되지_않는다()
#20 15.13 
#20 15.13 Scenario: 이미 예약된 티켓은 예매할 수 없고 결제도 일어나지 않는다   # features/ticket_reservation.feature:25
#20 15.13   Given 회원 저장소와 티켓 저장소가 비어 있다                # com.thinking.ticket.steps.TicketReservationSteps.저장소가_비어_있다()
#20 15.13   Given 회원 1이 등록되어 있다                        # com.thinking.ticket.steps.TicketReservationSteps.회원이_등록되어_있다(long)
#20 15.13   And 가격 30000원짜리 이미 예약된 티켓 20이 있다           # com.thinking.ticket.steps.TicketReservationSteps.이미_예약된_티켓이_있다(int,long)
#20 15.13   When 회원 1이 카드정보 "card-token"으로 티켓 20을 예매하면 # com.thinking.ticket.steps.TicketReservationSteps.예매하면(long,java.lang.String,long)
#20 15.13   Then 예매는 이미 예약됨으로 거부된다                     # com.thinking.ticket.steps.TicketReservationSteps.이미_예약됨으로_거부된다()
#20 15.13   And 결제는 청구되지 않는다                           # com.thinking.ticket.steps.TicketReservationSteps.결제는_청구되지_않는다()
#20 15.16 
#20 15.16 Scenario: 결제가 거절되면 예매는 실패하고 티켓은 예약되지 않는다     # features/ticket_reservation.feature:32
#20 15.16   Given 회원 저장소와 티켓 저장소가 비어 있다                # com.thinking.ticket.steps.TicketReservationSteps.저장소가_비어_있다()
#20 15.16   Given 회원 1이 등록되어 있다                        # com.thinking.ticket.steps.TicketReservationSteps.회원이_등록되어_있다(long)
#20 15.17   And 가격 30000원짜리 미예약 티켓 20이 있다              # com.thinking.ticket.steps.TicketReservationSteps.미예약_티켓이_있다(int,long)
#20 15.17   And 결제는 거절되는 상황이다                          # com.thinking.ticket.steps.TicketReservationSteps.결제는_거절된다()
#20 15.17   When 회원 1이 카드정보 "card-token"으로 티켓 20을 예매하면 # com.thinking.ticket.steps.TicketReservationSteps.예매하면(long,java.lang.String,long)
#20 15.17   Then 예매는 결제 실패로 거부된다                       # com.thinking.ticket.steps.TicketReservationSteps.결제_실패로_거부된다()
#20 15.17   And 티켓 20은 예약되지 않는다                        # com.thinking.ticket.steps.TicketReservationSteps.티켓은_예약되지_않는다(long)
#20 15.17   And 30000원 청구가 시도된다                        # com.thinking.ticket.steps.TicketReservationSteps.청구가_시도된다(int)
#20 15.20 
#20 15.20 Scenario: (quirk) 존재하지 않는 티켓을 예매하면 방어 코드가 없어 비정상 종료된다 # features/ticket_reservation.feature:41
#20 15.20   Given 회원 저장소와 티켓 저장소가 비어 있다                         # com.thinking.ticket.steps.TicketReservationSteps.저장소가_비어_있다()
#20 15.20   Given 회원 1이 등록되어 있다                                 # com.thinking.ticket.steps.TicketReservationSteps.회원이_등록되어_있다(long)
#20 15.20   And 티켓 20은 저장소에 없다                                  # com.thinking.ticket.steps.TicketReservationSteps.티켓이_저장소에_없다(long)
#20 15.20   When 회원 1이 카드정보 "card-token"으로 티켓 20을 예매하면          # com.thinking.ticket.steps.TicketReservationSteps.예매하면(long,java.lang.String,long)
#20 15.20   Then 예매는 널 참조로 비정상 종료된다                             # com.thinking.ticket.steps.TicketReservationSteps.널_참조로_비정상_종료된다()
#20 15.20   And 결제는 청구되지 않는다                                    # com.thinking.ticket.steps.TicketReservationSteps.결제는_청구되지_않는다()
#20 15.23 
#20 15.23 Scenario: (quirk) 결제 후 저장이 실패하면 결제는 청구된 채로 남고 되돌리는 보상이 없다 # features/ticket_reservation.feature:48
#20 15.23   Given 회원 저장소와 티켓 저장소가 비어 있다                             # com.thinking.ticket.steps.TicketReservationSteps.저장소가_비어_있다()
#20 15.23   Given 회원 1이 등록되어 있다                                     # com.thinking.ticket.steps.TicketReservationSteps.회원이_등록되어_있다(long)
#20 15.23   And 가격 30000원짜리 미예약 티켓 20이 있다                           # com.thinking.ticket.steps.TicketReservationSteps.미예약_티켓이_있다(int,long)
#20 15.23   And 티켓 저장이 실패하는 상황이다                                    # com.thinking.ticket.steps.TicketReservationSteps.티켓_저장이_실패한다()
#20 15.23   When 회원 1이 카드정보 "card-token"으로 티켓 20을 예매하면              # com.thinking.ticket.steps.TicketReservationSteps.예매하면(long,java.lang.String,long)
#20 15.23   Then 예매는 저장 실패로 비정상 종료된다                                # com.thinking.ticket.steps.TicketReservationSteps.저장_실패로_비정상_종료된다()
#20 15.23   And 30000원이 청구된 채로 남는다                                  # com.thinking.ticket.steps.TicketReservationSteps.청구된_채로_남는다(int)
#20 15.23   And 되돌리는 보상 결제 호출은 없다                                   # com.thinking.ticket.steps.TicketReservationSteps.보상_호출은_없다()
#20 15.24 
#20 15.24 8 Scenarios (8 passed)
#20 15.24 53 Steps (53 passed)
#20 15.24 0m0.552s
#20 15.24 
#20 15.24 
#20 15.30 [INFO] Tests run: 8, Failures: 0, Errors: 0, Skipped: 0, Time elapsed: 0.644 s -- in com.thinking.ticket.CucumberAcceptanceTest
#20 15.35 [INFO] 
#20 15.35 [INFO] Results:
#20 15.35 [INFO] 
#20 15.35 [INFO] Tests run: 8, Failures: 0, Errors: 0, Skipped: 0
#20 15.35 [INFO] 
#20 15.37 [INFO] 
#20 15.37 [INFO] --- jar:3.4.2:jar (default-jar) @ ticket-reservation ---
#20 16.32 [INFO] Building jar: /build/target/ticket-reservation-1.0.0.jar
#20 16.48 [INFO] 
#20 16.48 [INFO] --- spring-boot:3.3.4:repackage (repackage) @ ticket-reservation ---
#20 17.59 [INFO] Replacing main artifact /build/target/ticket-reservation-1.0.0.jar with repackaged archive, adding nested dependencies in BOOT-INF/.
#20 17.59 [INFO] The original artifact has been renamed to /build/target/ticket-reservation-1.0.0.jar.original
#20 17.59 [INFO] ------------------------------------------------------------------------
#20 17.59 [INFO] BUILD SUCCESS
#20 17.59 [INFO] ------------------------------------------------------------------------
#20 17.59 [INFO] Total time:  12.702 s
#20 17.60 [INFO] Finished at: 2026-07-29T08:19:13Z
#20 17.60 [INFO] ------------------------------------------------------------------------
#20 DONE 17.8s

#21 [runtime 4/4] COPY --from=build /build/target/ticket-reservation-1.0.0.jar app.jar
#21 DONE 0.5s

#22 exporting to image
#22 exporting layers
#22 exporting layers 5.5s done
#22 exporting manifest sha256:cb0c613f689ec05639a68c2960a6d19f28dcda0197a4753f51dbbde5ce1a1496 0.0s done
#22 exporting config sha256:72b3bd53553a194b13a743251edd123623ca1510ab9601033b42f809c04f3637 0.0s done
#22 exporting attestation manifest sha256:adf755701baca80df62dc2e55168da76d34435dd0e7ffcb35246932e124fa296 0.0s done
#22 exporting manifest list sha256:5cc77a02f82b0bd0393bf314a364e1f86c51516fe23c93940a30c26260b2edf3
#22 exporting manifest list sha256:5cc77a02f82b0bd0393bf314a364e1f86c51516fe23c93940a30c26260b2edf3 0.0s done
#22 naming to docker.io/library/ticket-reservation-app:latest done
#22 unpacking to docker.io/library/ticket-reservation-app:latest
#22 unpacking to docker.io/library/ticket-reservation-app:latest 0.6s done
#22 DONE 6.3s

#23 resolving provenance for metadata file
#23 DONE 0.0s
 Image ticket-reservation-app Built 
