[INFO] Scanning for projects...
[INFO] 
[INFO] ------------------< com.thinking:ticket-reservation >-------------------
[INFO] Building ticket-reservation 1.0.0
[INFO]   from pom.xml
[INFO] --------------------------------[ jar ]---------------------------------
[INFO] 
[INFO] --- resources:3.3.1:resources (default-resources) @ ticket-reservation ---
[INFO] Copying 1 resource from src/main/resources to target/classes
[INFO] Copying 0 resource from src/main/resources to target/classes
[INFO] 
[INFO] --- compiler:3.13.0:compile (default-compile) @ ticket-reservation ---
[INFO] Recompiling the module because of changed source code.
[INFO] Compiling 27 source files with javac [debug parameters release 17] to target/classes
[INFO] 
[INFO] --- resources:3.3.1:testResources (default-testResources) @ ticket-reservation ---
[INFO] Copying 2 resources from src/test/resources to target/test-classes
[INFO] 
[INFO] --- compiler:3.13.0:testCompile (default-testCompile) @ ticket-reservation ---
[INFO] Recompiling the module because of changed dependency.
[INFO] Compiling 10 source files with javac [debug parameters release 17] to target/test-classes
[INFO] 
[INFO] --- surefire:3.2.5:test (default-test) @ ticket-reservation ---
[INFO] Using auto detected provider org.apache.maven.surefire.junitplatform.JUnitPlatformProvider
[INFO] 
[INFO] -------------------------------------------------------
[INFO]  T E S T S
[INFO] -------------------------------------------------------
[INFO] Running com.thinking.ticket.HexagonalBoundaryTest
07:54:41.574 [main] INFO com.tngtech.archunit.core.PluginLoader -- Detected Java version 17.0.19
[ERROR] Tests run: 5, Failures: 1, Errors: 0, Skipped: 0, Time elapsed: 6.117 s <<< FAILURE! -- in com.thinking.ticket.HexagonalBoundaryTest
[ERROR] com.thinking.ticket.HexagonalBoundaryTest.core는_spring을_모른다 -- Time elapsed: 0.036 s <<< FAILURE!
java.lang.AssertionError: 
Architecture Violation [Priority: MEDIUM] - Rule 'no classes that reside in a package 'com.thinking.ticket.core..' should depend on classes that reside in any package ['org.springframework..'], because Core가 프레임워크에 묶이면 프레임워크 없이 도메인을 검증할 수 없다' was violated (1 times):
Class <com.thinking.ticket.core.application.TicketService> is annotated with <org.springframework.stereotype.Service> in (TicketService.java:0)
	at com.tngtech.archunit.lang.ArchRule$Assertions.assertNoViolation(ArchRule.java:94)
	at com.tngtech.archunit.lang.ArchRule$Assertions.check(ArchRule.java:86)
	at com.tngtech.archunit.lang.ArchRule$Factory$SimpleArchRule.check(ArchRule.java:165)
	at com.thinking.ticket.HexagonalBoundaryTest.core는_spring을_모른다(HexagonalBoundaryTest.java:63)
	at java.base/java.lang.reflect.Method.invoke(Method.java:569)
	at java.base/java.util.ArrayList.forEach(ArrayList.java:1511)
	at java.base/java.util.ArrayList.forEach(ArrayList.java:1511)

[INFO] 
[INFO] Results:
[INFO] 
[ERROR] Failures: 
[ERROR]   HexagonalBoundaryTest.core는_spring을_모른다:63 Architecture Violation [Priority: MEDIUM] - Rule 'no classes that reside in a package 'com.thinking.ticket.core..' should depend on classes that reside in any package ['org.springframework..'], because Core가 프레임워크에 묶이면 프레임워크 없이 도메인을 검증할 수 없다' was violated (1 times):
Class <com.thinking.ticket.core.application.TicketService> is annotated with <org.springframework.stereotype.Service> in (TicketService.java:0)
[INFO] 
[ERROR] Tests run: 5, Failures: 1, Errors: 0, Skipped: 0
[INFO] 
[INFO] ------------------------------------------------------------------------
[INFO] BUILD FAILURE
[INFO] ------------------------------------------------------------------------
[INFO] Total time:  21.031 s
[INFO] Finished at: 2026-07-30T07:54:47Z
[INFO] ------------------------------------------------------------------------
[ERROR] Failed to execute goal org.apache.maven.plugins:maven-surefire-plugin:3.2.5:test (default-test) on project ticket-reservation: There are test failures.
[ERROR] 
[ERROR] Please refer to /app/target/surefire-reports for the individual test results.
[ERROR] Please refer to dump files (if any exist) [date].dump, [date]-jvmRun[N].dump and [date].dumpstream.
[ERROR] -> [Help 1]
[ERROR] 
[ERROR] To see the full stack trace of the errors, re-run Maven with the -e switch.
[ERROR] Re-run Maven using the -X switch to enable full debug logging.
[ERROR] 
[ERROR] For more information about the errors and possible solutions, please read the following articles:
[ERROR] [Help 1] http://cwiki.apache.org/confluence/display/MAVEN/MojoFailureException
