[INFO] Scanning for projects...
[INFO] 
[INFO] ------------------< com.thinking:ticket-reservation >-------------------
[INFO] Building ticket-reservation 1.0.0
[INFO]   from pom.xml
[INFO] --------------------------------[ jar ]---------------------------------
[INFO] Downloading from central: https://repo.maven.apache.org/maven2/com/tngtech/archunit/archunit/1.3.0/archunit-1.3.0.pom
[INFO] Downloaded from central: https://repo.maven.apache.org/maven2/com/tngtech/archunit/archunit/1.3.0/archunit-1.3.0.pom (2.0 kB at 6.1 kB/s)
[INFO] Downloading from central: https://repo.maven.apache.org/maven2/com/tngtech/archunit/archunit/1.3.0/archunit-1.3.0.jar
[INFO] Downloaded from central: https://repo.maven.apache.org/maven2/com/tngtech/archunit/archunit/1.3.0/archunit-1.3.0.jar (4.6 MB at 7.6 MB/s)
[INFO] 
[INFO] --- resources:3.3.1:resources (default-resources) @ ticket-reservation ---
[INFO] Copying 1 resource from src/main/resources to target/classes
[INFO] Copying 0 resource from src/main/resources to target/classes
[INFO] 
[INFO] --- compiler:3.13.0:compile (default-compile) @ ticket-reservation ---
[INFO] Nothing to compile - all classes are up to date.
[INFO] 
[INFO] --- resources:3.3.1:testResources (default-testResources) @ ticket-reservation ---
[INFO] Copying 2 resources from src/test/resources to target/test-classes
[INFO] 
[INFO] --- compiler:3.13.0:testCompile (default-testCompile) @ ticket-reservation ---
[INFO] Recompiling the module because of changed source code.
[INFO] Compiling 10 source files with javac [debug parameters release 17] to target/test-classes
[INFO] 
[INFO] --- surefire:3.2.5:test (default-test) @ ticket-reservation ---
[INFO] Using auto detected provider org.apache.maven.surefire.junitplatform.JUnitPlatformProvider
[INFO] 
[INFO] -------------------------------------------------------
[INFO]  T E S T S
[INFO] -------------------------------------------------------
[INFO] Running com.thinking.ticket.HexagonalBoundaryTest
07:53:17.253 [main] INFO com.tngtech.archunit.core.PluginLoader -- Detected Java version 17.0.19
[INFO] Tests run: 4, Failures: 0, Errors: 0, Skipped: 0, Time elapsed: 5.749 s -- in com.thinking.ticket.HexagonalBoundaryTest
[INFO] 
[INFO] Results:
[INFO] 
[INFO] Tests run: 4, Failures: 0, Errors: 0, Skipped: 0
[INFO] 
[INFO] ------------------------------------------------------------------------
[INFO] BUILD SUCCESS
[INFO] ------------------------------------------------------------------------
[INFO] Total time:  17.982 s
[INFO] Finished at: 2026-07-30T07:53:22Z
[INFO] ------------------------------------------------------------------------
