[INFO] Scanning for projects...
[INFO] 
[INFO] ----------------------< com.thinking:alert-kata >-----------------------
[INFO] Building alert-kata 1.0.0
[INFO]   from pom.xml
[INFO] --------------------------------[ jar ]---------------------------------
[INFO] 
[INFO] --- resources:3.3.1:resources (default-resources) @ alert-kata ---
[INFO] skip non existing resourceDirectory C:\Users\PC-220627-03\Desktop\project\task\architecture-thinking\phase2\taskF\alert-kata\src\main\resources
[INFO] skip non existing resourceDirectory C:\Users\PC-220627-03\Desktop\project\task\architecture-thinking\phase2\taskF\alert-kata\src\main\resources
[INFO] 
[INFO] --- compiler:3.14.1:compile (default-compile) @ alert-kata ---
[INFO] Nothing to compile - all classes are up to date.
[INFO] 
[INFO] --- resources:3.3.1:testResources (default-testResources) @ alert-kata ---
[INFO] Copying 2 resources from src\test\resources to target\test-classes
[INFO] 
[INFO] --- compiler:3.14.1:testCompile (default-testCompile) @ alert-kata ---
[INFO] Nothing to compile - all classes are up to date.
[INFO] 
[INFO] --- surefire:3.5.6:test (default-test) @ alert-kata ---
[INFO] Using auto detected provider org.apache.maven.surefire.junitplatform.JUnitPlatformProvider
[INFO] 
[INFO] -------------------------------------------------------
[INFO]  T E S T S
[INFO] -------------------------------------------------------
[INFO] Running com.thinking.tennis.kata.AlertSubscriptionTest
12:31:45.072 [main] INFO org.springframework.test.context.support.AnnotationConfigContextLoaderUtils -- Could not detect default configuration classes for test class [com.thinking.tennis.kata.AlertSubscriptionTest]: AlertSubscriptionTest does not declare any static, non-private, non-final, nested classes annotated with @Configuration.
12:31:45.153 [main] INFO org.springframework.boot.test.context.SpringBootTestContextBootstrapper -- Found @SpringBootConfiguration com.thinking.tennis.kata.KataApplication for test class com.thinking.tennis.kata.AlertSubscriptionTest
12:31:45.231 [main] INFO org.testcontainers.images.PullPolicy -- Image pull policy will be performed by: DefaultPullPolicy()
12:31:45.233 [main] INFO org.testcontainers.utility.ImageNameSubstitutor -- Image name substitution will be performed by: DefaultImageNameSubstitutor (composite of 'ConfigurationFileImageNameSubstitutor' and 'PrefixingImageNameSubstitutor')
12:31:45.257 [main] INFO org.testcontainers.DockerClientFactory -- Testcontainers version: 2.0.5
12:31:45.444 [main] INFO org.testcontainers.dockerclient.DockerClientProviderStrategy -- Loaded org.testcontainers.dockerclient.NpipeSocketClientProviderStrategy from ~/.testcontainers.properties, will try it first
12:31:45.714 [main] INFO org.testcontainers.dockerclient.DockerClientProviderStrategy -- Found Docker environment with local Npipe socket (npipe:////./pipe/docker_engine)
12:31:45.715 [main] INFO org.testcontainers.DockerClientFactory -- Docker host IP address is localhost
12:31:45.729 [main] INFO org.testcontainers.DockerClientFactory -- Connected to docker: 
  Server Version: 29.6.2
  API Version: 1.55
  Operating System: Docker Desktop
  Total Memory: 32001 MB
  Labels: 
    com.docker.desktop.address=npipe://\\.\pipe\docker_cli
12:31:45.831 [main] INFO tc.testcontainers/ryuk:0.14.0 -- Creating container for image: testcontainers/ryuk:0.14.0
12:31:45.890 [main] INFO org.testcontainers.utility.RegistryAuthLocator -- Credential helper/store (docker-credential-desktop) does not have credentials for https://index.docker.io/v1/
12:31:45.992 [main] INFO tc.testcontainers/ryuk:0.14.0 -- Container testcontainers/ryuk:0.14.0 is starting: 66ed173807b88dfc63dce2f619ede5b8d6ac355e71af6907ca0e05cdd378a938
12:31:46.278 [main] INFO tc.testcontainers/ryuk:0.14.0 -- Container testcontainers/ryuk:0.14.0 started in PT0.447023S
12:31:46.283 [main] INFO org.testcontainers.utility.RyukResourceReaper -- Ryuk started - will monitor and terminate Testcontainers containers on JVM exit
12:31:46.283 [main] INFO org.testcontainers.DockerClientFactory -- Checking the system...
12:31:46.283 [main] INFO org.testcontainers.DockerClientFactory -- ?? Docker server version should be at least 1.6.0
12:31:46.284 [main] INFO tc.mysql:8.4.8 -- Creating container for image: mysql:8.4.8
12:31:46.334 [main] INFO tc.mysql:8.4.8 -- Container mysql:8.4.8 is starting: 1a72e47768d9ac3ef4b4f0bad50fe1b3787e21de7939574f7cb92f81317c7bf4
12:31:46.551 [main] INFO tc.mysql:8.4.8 -- Waiting for database connection to become available at jdbc:mysql://localhost:56299/alert_kata using query 'SELECT 1'
12:31:53.964 [main] INFO tc.mysql:8.4.8 -- Container mysql:8.4.8 started in PT7.6806087S
12:31:53.964 [main] INFO tc.mysql:8.4.8 -- Container is started (JDBC URL: jdbc:mysql://localhost:56299/alert_kata)
Mockito is currently self-attaching to enable the inline-mock-maker. This will no longer work in future releases of the JDK. Please add Mockito as an agent to your build as described in Mockito's documentation: https://javadoc.io/doc/org.mockito/mockito-core/latest/org.mockito/org/mockito/Mockito.html#0.3
OpenJDK 64-Bit Server VM warning: Sharing is only supported for boot loader classes because bootstrap classpath has been appended
WARNING: A Java agent has been loaded dynamically (C:\Users\PC-220627-03\.m2\repository\net\bytebuddy\byte-buddy-agent\1.17.8\byte-buddy-agent-1.17.8.jar)
WARNING: If a serviceability tool is in use, please run with -XX:+EnableDynamicAgentLoading to hide this warning
WARNING: If a serviceability tool is not in use, please run with -Djdk.instrument.traceUsage for more information
WARNING: Dynamic loading of agents will be disallowed by default in a future release
[INFO] Tests run: 5, Failures: 0, Errors: 0, Skipped: 0, Time elapsed: 11.69 s -- in com.thinking.tennis.kata.AlertSubscriptionTest
[INFO] 
[INFO] Results:
[INFO] 
[INFO] Tests run: 5, Failures: 0, Errors: 0, Skipped: 0
[INFO] 
[INFO] ------------------------------------------------------------------------
[INFO] BUILD SUCCESS
[INFO] ------------------------------------------------------------------------
[INFO] Total time:  13.412 s
[INFO] Finished at: 2026-10-06T12:31:57+09:00
[INFO] ------------------------------------------------------------------------
