[INFO] Scanning for projects...
[INFO] 
[INFO] ----------------------< com.thinking:alert-kata >-----------------------
[INFO] Building alert-kata 1.0.0
[INFO]   from pom.xml
[INFO] --------------------------------[ jar ]---------------------------------
[INFO] 
[INFO] --- resources:3.3.1:resources (default-resources) @ alert-kata ---
[INFO] skip non existing resourceDirectory C:\Users\PC-220627-03\Desktop\project\task\architecture-thinking\phase2\taskF\alert-kata\src\main\resources
[INFO] skip non existing resourceDirectory C:\Users\PC-220627-03\Desktop\project\task\architecture-thinking\phase2\taskF\alert-kata\src\main\resources
[INFO] 
[INFO] --- compiler:3.14.1:compile (default-compile) @ alert-kata ---
[INFO] Recompiling the module because of changed source code.
[INFO] Compiling 6 source files with javac [debug parameters release 25] to target\classes
[INFO] 
[INFO] --- resources:3.3.1:testResources (default-testResources) @ alert-kata ---
[INFO] Copying 2 resources from src\test\resources to target\test-classes
[INFO] 
[INFO] --- compiler:3.14.1:testCompile (default-testCompile) @ alert-kata ---
[INFO] Recompiling the module because of changed dependency.
[INFO] Compiling 3 source files with javac [debug parameters release 25] to target\test-classes
[INFO] 
[INFO] --- surefire:3.5.6:test (default-test) @ alert-kata ---
[INFO] Tests are skipped.
[INFO] ------------------------------------------------------------------------
[INFO] BUILD SUCCESS
[INFO] ------------------------------------------------------------------------
[INFO] Total time:  1.787 s
[INFO] Finished at: 2026-10-06T12:12:10+09:00
[INFO] ------------------------------------------------------------------------
